Archive member included to satisfy reference by file (symbol)

c:/program files/hispark-studio/tools/windows/cc_riscv32_musl_fp_win/bin/../lib/gcc/riscv32-linux-musl/7.3.0\libgcc.a(_udivdi3.o)
                              obj/middleware/hisilicon/libboundscheck_v1.1.16/src/secureprintoutput_a.o (__udivdi3)
c:/program files/hispark-studio/tools/windows/cc_riscv32_musl_fp_win/bin/../lib/gcc/riscv32-linux-musl/7.3.0\libgcc.a(_umoddi3.o)
                              obj/middleware/hisilicon/libboundscheck_v1.1.16/src/secureprintoutput_a.o (__umoddi3)
c:/program files/hispark-studio/tools/windows/cc_riscv32_musl_fp_win/bin/../lib/gcc/riscv32-linux-musl/7.3.0\libgcc.a(adddf3.o)
                              obj/drivers/base/src/base_math.o (__adddf3)
c:/program files/hispark-studio/tools/windows/cc_riscv32_musl_fp_win/bin/../lib/gcc/riscv32-linux-musl/7.3.0\libgcc.a(divdf3.o)
                              obj/user/encoder.o (__divdf3)
c:/program files/hispark-studio/tools/windows/cc_riscv32_musl_fp_win/bin/../lib/gcc/riscv32-linux-musl/7.3.0\libgcc.a(gedf2.o)
                              obj/drivers/base/src/base_math.o (__gedf2)
c:/program files/hispark-studio/tools/windows/cc_riscv32_musl_fp_win/bin/../lib/gcc/riscv32-linux-musl/7.3.0\libgcc.a(ledf2.o)
                              obj/middleware/control_library/protection/mcs_unbalance_det.o (__ledf2)
c:/program files/hispark-studio/tools/windows/cc_riscv32_musl_fp_win/bin/../lib/gcc/riscv32-linux-musl/7.3.0\libgcc.a(muldf3.o)
                              obj/drivers/base/src/base_math.o (__muldf3)
c:/program files/hispark-studio/tools/windows/cc_riscv32_musl_fp_win/bin/../lib/gcc/riscv32-linux-musl/7.3.0\libgcc.a(subdf3.o)
                              obj/drivers/base/src/base_math.o (__subdf3)
c:/program files/hispark-studio/tools/windows/cc_riscv32_musl_fp_win/bin/../lib/gcc/riscv32-linux-musl/7.3.0\libgcc.a(fixdfsi.o)
                              obj/user/encoder.o (__fixdfsi)
c:/program files/hispark-studio/tools/windows/cc_riscv32_musl_fp_win/bin/../lib/gcc/riscv32-linux-musl/7.3.0\libgcc.a(floatsidf.o)
                              obj/user/gyro.o (__floatsidf)
c:/program files/hispark-studio/tools/windows/cc_riscv32_musl_fp_win/bin/../lib/gcc/riscv32-linux-musl/7.3.0\libgcc.a(floatunsidf.o)
                              obj/user/encoder.o (__floatunsidf)
c:/program files/hispark-studio/tools/windows/cc_riscv32_musl_fp_win/bin/../lib/gcc/riscv32-linux-musl/7.3.0\libgcc.a(extendsfdf2.o)
                              obj/drivers/base/src/base_math.o (__extendsfdf2)
c:/program files/hispark-studio/tools/windows/cc_riscv32_musl_fp_win/bin/../lib/gcc/riscv32-linux-musl/7.3.0\libgcc.a(truncdfsf2.o)
                              obj/drivers/base/src/base_math.o (__truncdfsf2)
c:/program files/hispark-studio/tools/windows/cc_riscv32_musl_fp_win/bin/../lib/gcc/riscv32-linux-musl/7.3.0\libgcc.a(_clz.o)
                              c:/program files/hispark-studio/tools/windows/cc_riscv32_musl_fp_win/bin/../lib/gcc/riscv32-linux-musl/7.3.0\libgcc.a(_udivdi3.o) (__clz_tab)
c:/program files/hispark-studio/tools/windows/cc_riscv32_musl_fp_win/bin/../lib/gcc/riscv32-linux-musl/7.3.0\libgcc.a(_clzsi2.o)
                              c:/program files/hispark-studio/tools/windows/cc_riscv32_musl_fp_win/bin/../lib/gcc/riscv32-linux-musl/7.3.0\libgcc.a(adddf3.o) (__clzsi2)
c:/program files/hispark-studio/tools/windows/cc_riscv32_musl_fp_win/bin/../sysroot/usr/lib\libc.a(__ctype_get_mb_cur_max.o)
                              obj/middleware/hisilicon/libboundscheck_v1.1.16/src/secureinput_a.o (__ctype_get_mb_cur_max)
c:/program files/hispark-studio/tools/windows/cc_riscv32_musl_fp_win/bin/../sysroot/usr/lib\libc.a(iswspace.o)
                              obj/middleware/hisilicon/libboundscheck_v1.1.16/src/secureinput_w.o (iswspace)
c:/program files/hispark-studio/tools/windows/cc_riscv32_musl_fp_win/bin/../sysroot/usr/lib\libc.a(isxdigit.o)
                              obj/middleware/hisilicon/libboundscheck_v1.1.16/src/secureinput_a.o (isxdigit)
c:/program files/hispark-studio/tools/windows/cc_riscv32_musl_fp_win/bin/../sysroot/usr/lib\libc.a(free.o)
                              obj/middleware/hisilicon/libboundscheck_v1.1.16/src/secureinput_a.o (free)
c:/program files/hispark-studio/tools/windows/cc_riscv32_musl_fp_win/bin/../sysroot/usr/lib\libc.a(lite_malloc.o)
                              obj/middleware/hisilicon/libboundscheck_v1.1.16/src/secureinput_a.o (malloc)
c:/program files/hispark-studio/tools/windows/cc_riscv32_musl_fp_win/bin/../sysroot/usr/lib\libc.a(free.o)
                              c:/program files/hispark-studio/tools/windows/cc_riscv32_musl_fp_win/bin/../sysroot/usr/lib\libc.a(free.o) (__libc_free)
c:/program files/hispark-studio/tools/windows/cc_riscv32_musl_fp_win/bin/../sysroot/usr/lib\libc.a(malloc.o)
[...]
Memory Configuration

Name             Origin             Length             Attributes
RAM_CODE         0x0000000002000000 0x0000000000000000 xr
RAM_RESERVE_DATA 0x0000000004000000 0x0000000000000000 rw
RAM_DATA         0x0000000004000000 0x0000000000005000 xrw
RAM_STACK        0x0000000004005000 0x0000000000003000 xrw
FLASH_MAGIC      0x0000000003000000 0x0000000000000004 rw
FLASH_CODE       0x0000000003000004 0x000000000001fffc xr
*default*        0x0000000000000000 0xffffffffffffffff

Linker script and memory map

START GROUP
LOAD c:/program files/hispark-studio/tools/windows/cc_riscv32_musl_fp_win/bin/../lib/gcc/riscv32-linux-musl/7.3.0\libgcc.a
LOAD c:/program files/hispark-studio/tools/windows/cc_riscv32_musl_fp_win/bin/../sysroot/usr/lib\libc.a
LOAD obj/chip/3061m/startup.o
LOAD obj/chip/3061m/chipinit/chipinit.o
LOAD obj/chip/3061m/chipinit/anatrim/anatrim.o
LOAD obj/chip/3061m/chipinit/anavrefinit/anavrefinit.o
LOAD obj/chip/3061m/chipinit/crginit/crginit.o
LOAD obj/chip/3061m/chipinit/flashinit/flashinit.o
LOAD obj/chip/3061m/chipinit/systickinit/systickinit.o
LOAD obj/chip/3061m/fotp/fotp_info_read.o
LOAD obj/chip/3061m/ip_crg/ip_crg_common.o
LOAD obj/drivers/acmp/src/acmp.o
LOAD obj/drivers/acmp/src/acmp_ex.o
LOAD obj/drivers/adc/src/adc.o
LOAD obj/drivers/adc/src/adc_ex.o
LOAD obj/drivers/apt/src/apt.o
LOAD obj/drivers/base/src/assert.o
LOAD obj/drivers/base/src/base_math.o
LOAD obj/drivers/base/src/clock.o
LOAD obj/drivers/base/src/generalfunc.o
LOAD obj/drivers/base/src/interrupt.o
LOAD obj/drivers/base/src/lock.o
LOAD obj/drivers/base/src/reset.o
LOAD obj/drivers/can/src/can.o
LOAD obj/drivers/capm/src/capm.o
LOAD obj/drivers/cfd/src/cfd.o
LOAD obj/drivers/cmm/src/cmm.o
LOAD obj/drivers/crc/src/crc.o
LOAD obj/drivers/crg/src/crg.o
LOAD obj/drivers/dac/src/dac.o
LOAD obj/drivers/debug/log/src/app_command.o
LOAD obj/drivers/debug/log/src/cmd.o
LOAD obj/drivers/debug/log/src/cmd_common.o
LOAD obj/drivers/debug/log/src/config.o
LOAD obj/drivers/debug/log/src/console.o
LOAD obj/drivers/debug/log/src/dfx_debug.o
LOAD obj/drivers/debug/log/src/dfx_log.o
LOAD obj/drivers/debug/log/src/dfx_log_proc.o
LOAD obj/drivers/debug/log/src/event.o
LOAD obj/drivers/debug/log/src/ext_command.o
LOAD obj/drivers/debug/src/debug.o
LOAD obj/drivers/dma/src/dma.o
LOAD obj/drivers/dma/src/dma_ex.o
LOAD obj/drivers/flash/src/flash.o
LOAD obj/drivers/gpio/src/gpio.o
LOAD obj/drivers/gpt/src/gpt.o
LOAD obj/drivers/gpt/src/gpt_ex.o
LOAD obj/drivers/i2c/src/i2c.o
LOAD obj/drivers/i2c/src/i2c_ex.o
LOAD obj/drivers/iocmg/src/iocmg.o
LOAD obj/drivers/iwdg/src/iwdg.o
LOAD obj/drivers/iwdg/src/iwdg_ex.o
LOAD obj/drivers/pga/src/pga.o
LOAD obj/drivers/pmc/src/pmc.o
LOAD obj/drivers/qdm/src/qdm.o
LOAD obj/drivers/spi/src/spi.o
LOAD obj/drivers/spi/src/spi_ex.o
LOAD obj/drivers/timer/src/timer.o
LOAD obj/drivers/timer/src/timer_ex.o
LOAD obj/drivers/tsensor/src/tsensor.o
LOAD obj/drivers/uart/src/uart.o
LOAD obj/drivers/uart/src/uart_ex.o
LOAD obj/drivers/wwdg/src/wwdg.o
LOAD obj/drivers/wwdg/src/wwdg_ex.o
LOAD obj/middleware/control_library/adc_calibra/mcs_adcCalibr.o
LOAD obj/middleware/control_library/brake/mcs_brake.o
LOAD obj/middleware/control_library/filter/mcs_filter.o
LOAD obj/middleware/control_library/filter/mcs_lpfRk4.o
LOAD obj/middleware/control_library/filter/mcs_pll.o
LOAD obj/middleware/control_library/foc_loop_ctrl/mcs_curr_ctrl.o
LOAD obj/middleware/control_library/foc_loop_ctrl/mcs_curr_ff.o
LOAD obj/middleware/control_library/foc_loop_ctrl/mcs_fw_ctrl.o
LOAD obj/middleware/control_library/foc_loop_ctrl/mcs_if_ctrl.o
LOAD obj/middleware/control_library/foc_loop_ctrl/mcs_pos_ctrl.o
LOAD obj/middleware/control_library/foc_loop_ctrl/mcs_spd_ctrl.o
LOAD obj/middleware/control_library/foc_loop_ctrl/mcs_startup.o
LOAD obj/middleware/control_library/math/mcs_math.o
LOAD obj/middleware/control_library/modulation/mcs_r1_svpwm.o
LOAD obj/middleware/control_library/modulation/mcs_svpwm.o
LOAD obj/middleware/control_library/observer/mcs_fosmo.o
LOAD obj/middleware/control_library/pfc/pfc_curr_ctrl.o
LOAD obj/middleware/control_library/pfc/pfc_volt_ctrl.o
LOAD obj/middleware/control_library/pid_controller/mcs_pid_ctrl.o
LOAD obj/middleware/control_library/power/mcs_power_mgmt.o
LOAD obj/middleware/control_library/protection/mcs_openphs_det.o
LOAD obj/middleware/control_library/protection/mcs_stall_det.o
LOAD obj/middleware/control_library/protection/mcs_unbalance_det.o
LOAD obj/middleware/control_library/ramp/mcs_ramp_mgmt.o
LOAD obj/middleware/control_library/utilities/mcs_mtr_param.o
LOAD obj/middleware/control_library/vf/mcs_vf_ctrl.o
LOAD obj/middleware/hisilicon/libboundscheck_v1.1.16/src/fscanf_s.o
LOAD obj/middleware/hisilicon/libboundscheck_v1.1.16/src/fwscanf_s.o
LOAD obj/middleware/hisilicon/libboundscheck_v1.1.16/src/gets_s.o
LOAD obj/middleware/hisilicon/libboundscheck_v1.1.16/src/memcpy_s.o
LOAD obj/middleware/hisilicon/libboundscheck_v1.1.16/src/memmove_s.o
LOAD obj/middleware/hisilicon/libboundscheck_v1.1.16/src/memset_s.o
LOAD obj/middleware/hisilicon/libboundscheck_v1.1.16/src/scanf_s.o
LOAD obj/middleware/hisilicon/libboundscheck_v1.1.16/src/securecutil.o
LOAD obj/middleware/hisilicon/libboundscheck_v1.1.16/src/secureinput_a.o
LOAD obj/middleware/hisilicon/libboundscheck_v1.1.16/src/secureinput_w.o
LOAD obj/middleware/hisilicon/libboundscheck_v1.1.16/src/secureprintoutput_a.o
LOAD obj/middleware/hisilicon/libboundscheck_v1.1.16/src/secureprintoutput_w.o
LOAD obj/middleware/hisilicon/libboundscheck_v1.1.16/src/snprintf_s.o
LOAD obj/middleware/hisilicon/libboundscheck_v1.1.16/src/sprintf_s.o
LOAD obj/middleware/hisilicon/libboundscheck_v1.1.16/src/sscanf_s.o
LOAD obj/middleware/hisilicon/libboundscheck_v1.1.16/src/strcat_s.o
LOAD obj/middleware/hisilicon/libboundscheck_v1.1.16/src/strcpy_s.o
LOAD obj/middleware/hisilicon/libboundscheck_v1.1.16/src/strncat_s.o
LOAD obj/middleware/hisilicon/libboundscheck_v1.1.16/src/strncpy_s.o
LOAD obj/middleware/hisilicon/libboundscheck_v1.1.16/src/strtok_s.o
LOAD obj/middleware/hisilicon/libboundscheck_v1.1.16/src/swprintf_s.o
LOAD obj/middleware/hisilicon/libboundscheck_v1.1.16/src/swscanf_s.o
LOAD obj/middleware/hisilicon/libboundscheck_v1.1.16/src/vfscanf_s.o
LOAD obj/middleware/hisilicon/libboundscheck_v1.1.16/src/vfwscanf_s.o
LOAD obj/middleware/hisilicon/libboundscheck_v1.1.16/src/vscanf_s.o
LOAD obj/middleware/hisilicon/libboundscheck_v1.1.16/src/vsnprintf_s.o
LOAD obj/middleware/hisilicon/libboundscheck_v1.1.16/src/vsprintf_s.o
LOAD obj/middleware/hisilicon/libboundscheck_v1.1.16/src/vsscanf_s.o
LOAD obj/middleware/hisilicon/libboundscheck_v1.1.16/src/vswprintf_s.o
LOAD obj/middleware/hisilicon/libboundscheck_v1.1.16/src/vswscanf_s.o
LOAD obj/middleware/hisilicon/libboundscheck_v1.1.16/src/vwscanf_s.o
LOAD obj/middleware/hisilicon/libboundscheck_v1.1.16/src/wcscat_s.o
LOAD obj/middleware/hisilicon/libboundscheck_v1.1.16/src/wcscpy_s.o
LOAD obj/middleware/hisilicon/libboundscheck_v1.1.16/src/wcsncat_s.o
LOAD obj/middleware/hisilicon/libboundscheck_v1.1.16/src/wcsncpy_s.o
LOAD obj/middleware/hisilicon/libboundscheck_v1.1.16/src/wcstok_s.o
LOAD obj/middleware/hisilicon/libboundscheck_v1.1.16/src/wmemcpy_s.o
LOAD obj/middleware/hisilicon/libboundscheck_v1.1.16/src/wmemmove_s.o
LOAD obj/middleware/hisilicon/libboundscheck_v1.1.16/src/wscanf_s.o
LOAD obj/user/adc_demo.o
LOAD obj/user/beep.o
LOAD obj/user/button.o
LOAD obj/user/can_demo.o
LOAD obj/user/can_interfaces.o
LOAD obj/user/debug_uart.o
LOAD obj/user/display.o
LOAD obj/user/encoder.o
LOAD obj/user/eulercar_control.o
LOAD obj/user/grab.o
LOAD obj/user/gyro.o
LOAD obj/user/led.o
LOAD obj/user/main.o
LOAD obj/user/pid.o
LOAD obj/user/pwm.o
LOAD obj/user/ssd1306.o
LOAD obj/user/ssd1306_fonts.o
LOAD obj/user/user_motor_control.o
LOAD obj/user/generatecode/system_init.o
END GROUP
                0x0000000004000000                SRAM_START = 0x4000000
                0x0000000004008000                SRAM_END = 0x4008000
                0x0000000002000000                RAM_CODE_START = 0x2000000
                0x0000000000000000                RAM_CODE_SIZE = 0x0
                0x0000000004000000                RAM_RESERVE_DATA_START = (SRAM_START + RAM_CODE_SIZE)
                0x0000000000000000                RAM_RESERVE_DATA_SIZE = 0x0
                0x0000000004000000                RAM_START = (RAM_RESERVE_DATA_START + RAM_RESERVE_DATA_SIZE)
                0x0000000000005000                RAM_SIZE = 0x5000
                0x0000000004008000                RAM_END = SRAM_END
                0x0000000000002c00                STACK_SIZE = 0x2c00
                0x0000000000000400                NMI_STACK_SIZE = 0x400
                0x0000000000000400                INIT_STACK_SIZE = 0x400
                0x0000000003000000                FLASH_START = 0x3000000
                0x000000000001fffc                FLASH_SIZE = 0x1fffc

.data.magic     0x0000000003000000        0x4
 *(.data.magic)
 .data.magic    0x0000000003000000        0x4 obj/chip/3061m/startup.o

.text.entry     0x0000000003000004      0x734
 *(.text.entry)
 .text.entry    0x0000000003000004      0x734 obj/chip/3061m/startup.o
                0x0000000003000004                _start

.rela.dyn       0x0000000003000738        0x0
 .rela.text.entry
                0x0000000003000738        0x0 obj/chip/3061m/startup.o
 .rela.text.CAN_Init
                0x0000000003000738        0x0 obj/chip/3061m/startup.o
 .rela.text.QDM0_Init
                0x0000000003000738        0x0 obj/chip/3061m/startup.o
 .rela.text.QDM1_Init
                0x0000000003000738        0x0 obj/chip/3061m/startup.o
 .rela.text.UART2_Init
                0x0000000003000738        0x0 obj/chip/3061m/startup.o
 .rela.text.UART3_Init
                0x0000000003000738        0x0 obj/chip/3061m/startup.o
 .rela.got      0x0000000003000738        0x0 obj/chip/3061m/startup.o

.stacks         0x0000000004005000      0x400
                0x0000000004005000                . = ALIGN (0x4)
                0x0000000004005000                __SYSTEM_STACK_BEGIN__ = ORIGIN (RAM_STACK)
 *(.stacks)
                0x0000000004007c00                __SYSTEM_STACK_END__ = (ORIGIN (RAM_STACK) + STACK_SIZE)
                0x0000000004005000                . = ALIGN (0x20)
                0x0000000004007c00                __INTERRUPT_STACK_BEGIN__ = __SYSTEM_STACK_END__
                0x0000000004005000                . = ALIGN (0x20)
                0x0000000004007c00                __NMI_STACK_BEGIN__ = __SYSTEM_STACK_END__
                0x0000000004005000                __nmi_stack_bottom = .
                0x0000000004005400                . = (. + NMI_STACK_SIZE)
 *fill*         0x0000000004005000      0x400 
                0x0000000004005400                __nmi_stack_top = .
                0x0000000004007c00                __stack_top = __SYSTEM_STACK_END__
                0x0000000004005400                __init_stack_top = (__SYSTEM_STACK_BEGIN__ + INIT_STACK_SIZE)
                0x0000000004007c00                __irq_stack_top = __SYSTEM_STACK_END__

.text.sram      0x0000000002000000        0x0 load address 0x0000000003000738
                0x0000000003000738                __sram_code_load_addr = LOADADDR (.text.sram)
                0x0000000002000000                __sram_code_start_addr = .
 *(.text.sram)
                0x0000000002000000                . = ALIGN (0x4)
                0x0000000002000000                __sram_code_end_addr = .

.reserved.data  0x0000000004000000        0x0 load address 0x0000000003000738
                0x0000000003000738                __reserved_code_load_addr = LOADADDR (.reserved.data)
                0x0000000004000000                __reserved_code_start_addr = .
 *(.reserved.data*)
                0x0000000004000000                . = ALIGN (0x4)
                0x0000000004000000                __reserved_code_end_addr = .

.text           0x0000000003000738    0x110d8
                0x0000000003000738                __start_addr = .
 *(.text*)
 .text.Chip_InitFail
                0x0000000003000738        0x8 obj/chip/3061m/chipinit/chipinit.o
 .text.Chip_Init
                0x0000000003000740       0x40 obj/chip/3061m/chipinit/chipinit.o
                0x0000000003000740                Chip_Init
 .text.CalculateGain
                0x0000000003000780       0x2a obj/chip/3061m/chipinit/anatrim/anatrim.o
 .text.CHIP_GetInfo
                0x00000000030007aa       0x4a obj/chip/3061m/chipinit/anatrim/anatrim.o
 .text.CHIP_AnalogTrim
                0x00000000030007f4      0x50c obj/chip/3061m/chipinit/anatrim/anatrim.o
 .text.FOTP_InfoGet.trans.37
                0x0000000003000d00        0x4 _kmpl_trans
                0x0000000003000d00                FOTP_InfoGet.trans.37
 .text.ANATRIM_Entry
                0x0000000003000d04       0x52 obj/chip/3061m/chipinit/anatrim/anatrim.o
                0x0000000003000d04                ANATRIM_Entry
 .text.ANAVREF_Init
                0x0000000003000d56       0x5a obj/chip/3061m/chipinit/anavrefinit/anavrefinit.o
                0x0000000003000d56                ANAVREF_Init
 .text.HAL_CRG_IpEnableSet.trans.20
                0x0000000003000db0        0x4 _kmpl_trans
                0x0000000003000db0                HAL_CRG_IpEnableSet.trans.20
 .text.CRG_SetCoreClockSelect
                0x0000000003000db4       0x42 obj/chip/3061m/chipinit/crginit/crginit.o
                0x0000000003000db4                CRG_SetCoreClockSelect
 .text.BASE_FUNC_Delay.trans.38
                0x0000000003000df6        0x4 _kmpl_trans
                0x0000000003000df6                BASE_FUNC_Delay.trans.38
 .text.SetFlashDiv
                0x0000000003000dfa       0x92 obj/chip/3061m/chipinit/flashinit/flashinit.o
 .text.GetFlashFreq
                0x0000000003000e8c       0x64 obj/chip/3061m/chipinit/flashinit/flashinit.o
 .text.FLASH_ClockConfig
                0x0000000003000ef0       0xc4 obj/chip/3061m/chipinit/flashinit/flashinit.o
                0x0000000003000ef0                FLASH_ClockConfig
 .text.SYSTICK_Init
                0x0000000003000fb4       0x22 obj/chip/3061m/chipinit/systickinit/systickinit.o
                0x0000000003000fb4                SYSTICK_Init
 .text.SYSTICK_GetCRGHZ
                0x0000000003000fd6       0x1c obj/chip/3061m/chipinit/systickinit/systickinit.o
                0x0000000003000fd6                SYSTICK_GetCRGHZ
 .text.FOTP_CheckReadStatus
                0x0000000003000ff2       0x84 obj/chip/3061m/fotp/fotp_info_read.o
 .text.FOTP_InfoGet
                0x0000000003001076      0x162 obj/chip/3061m/fotp/fotp_info_read.o
                0x0000000003001076                FOTP_InfoGet
 .text.GetCrgIpMatchInfo
                0x00000000030011d8       0x64 obj/chip/3061m/ip_crg/ip_crg_common.o
                0x00000000030011d8                GetCrgIpMatchInfo
 .text.IsADCSampleChannel
                0x000000000300123c       0x1c obj/drivers/adc/src/adc.o
 .text.IsADCSOCx
                0x0000000003001258       0x1c obj/drivers/adc/src/adc.o
 .text.IsADCTrigSource
                0x0000000003001274       0x1c obj/drivers/adc/src/adc.o
 .text.IsADCFinishMode
                0x0000000003001290       0x2c obj/drivers/adc/src/adc.o
 .text.IsADCPriorityMode
                0x00000000030012bc       0x1e obj/drivers/adc/src/adc.o
 .text.IsADCTotalTime
                0x00000000030012da       0x1c obj/drivers/adc/src/adc.o
 .text.ADC_GetCTRLAddr
                0x00000000030012f6       0x36 obj/drivers/adc/src/adc.o
 .text.DCL_ADC_SOCxSelcetChannel
                0x000000000300132c       0x9e obj/drivers/adc/src/adc.o
 .text.DCL_ADC_SOCxSelcetTrigSource
                0x00000000030013ca       0xa6 obj/drivers/adc/src/adc.o
 .text.DCL_ADC_SOCxSetAcqps
                0x0000000003001470       0xae obj/drivers/adc/src/adc.o
 .text.DCL_ADC_SOCxSetPriority
                0x000000000300151e       0x64 obj/drivers/adc/src/adc.o
 .text.DCL_ADC_EnableSOCxContinue
                0x0000000003001582       0x7e obj/drivers/adc/src/adc.o
 .text.DCL_ADC_DisableSOCxContinue
                0x0000000003001600       0x80 obj/drivers/adc/src/adc.o
 .text.HAL_ADC_Init
                0x0000000003001680       0xb4 obj/drivers/adc/src/adc.o
                0x0000000003001680                HAL_ADC_Init
 .text.HAL_ADC_ConfigureSoc
                0x0000000003001734      0x1a8 obj/drivers/adc/src/adc.o
                0x0000000003001734                HAL_ADC_ConfigureSoc
 .text.AssertErrorLog.trans.0
                0x00000000030018dc        0x4 _kmpl_trans
                0x00000000030018dc                AssertErrorLog.trans.0
 .text.APT_TimeBaseInit
                0x00000000030018e0       0xb8 obj/drivers/apt/src/apt.o
 .text.APT_SetPWMCompareVal
                0x0000000003001998      0x208 obj/drivers/apt/src/apt.o
 .text.APT_SetOutputABasicType
                0x0000000003001ba0      0x12c obj/drivers/apt/src/apt.o
 .text.APT_SetOutputBBasicType
                0x0000000003001ccc      0x12c obj/drivers/apt/src/apt.o
 .text.APT_SetPWMBasicType
                0x0000000003001df8      0x120 obj/drivers/apt/src/apt.o
 .text.APT_SetContWaveform
                0x0000000003001f18       0x8a obj/drivers/apt/src/apt.o
 .text.APT_SetPWMWaveform
                0x0000000003001fa2      0x11c obj/drivers/apt/src/apt.o
 .text.APT_SetADCTrgCompareVal
                0x00000000030020be      0x1de obj/drivers/apt/src/apt.o
 .text.APT_SetADCTrigger
                0x000000000300229c      0x11c obj/drivers/apt/src/apt.o
 .text.APT_SetTimerInterrupt
                0x00000000030023b8       0x94 obj/drivers/apt/src/apt.o
 .text.HAL_APT_PWMInit
                0x000000000300244c      0x1be obj/drivers/apt/src/apt.o
                0x000000000300244c                HAL_APT_PWMInit
 .text.AssertErrorLog.trans.1
                0x000000000300260a        0x4 _kmpl_trans
                0x000000000300260a                AssertErrorLog.trans.1
 .text.HAL_APT_StartModule
                0x000000000300260e       0x2c obj/drivers/apt/src/apt.o
                0x000000000300260e                HAL_APT_StartModule
 .text.HAL_APT_StopModule
                0x000000000300263a       0x30 obj/drivers/apt/src/apt.o
                0x000000000300263a                HAL_APT_StopModule
 .text.HAL_APT_SetPWMDutyByNumber
                0x000000000300266a      0x1a4 obj/drivers/apt/src/apt.o
                0x000000000300266a                HAL_APT_SetPWMDutyByNumber
 .text.APT_ConfigAction
                0x000000000300280e       0xd0 obj/drivers/apt/src/apt.o
 .text.APT_ConfigRefA
                0x00000000030028de      0x118 obj/drivers/apt/src/apt.o
                0x00000000030028de                APT_ConfigRefA
 .text.APT_ConfigRefB
                0x00000000030029f6      0x118 obj/drivers/apt/src/apt.o
                0x00000000030029f6                APT_ConfigRefB
 .text.APT_ConfigRefC
                0x0000000003002b0e      0x118 obj/drivers/apt/src/apt.o
                0x0000000003002b0e                APT_ConfigRefC
 .text.APT_ConfigRefD
                0x0000000003002c26      0x118 obj/drivers/apt/src/apt.o
                0x0000000003002c26                APT_ConfigRefD
 .text.AssertErrorLog
                0x0000000003002d3e       0x16 obj/drivers/base/src/assert.o
                0x0000000003002d3e                AssertErrorLog
 .text.DCL_SYSTICK_GetTick
                0x0000000003002d54       0x14 obj/drivers/base/src/clock.o
 .text.BASE_FUNC_GetCpuFreqHz
                0x0000000003002d68       0x18 obj/drivers/base/src/clock.o
                0x0000000003002d68                BASE_FUNC_GetCpuFreqHz
 .text.BASE_FUNC_DelayUs
                0x0000000003002d80       0x5c obj/drivers/base/src/clock.o
                0x0000000003002d80                BASE_FUNC_DelayUs
 .text.BASE_FUNC_DelayMs
                0x0000000003002ddc       0x38 obj/drivers/base/src/clock.o
                0x0000000003002ddc                BASE_FUNC_DelayMs
 .text.BASE_FUNC_DelaySeconds
                0x0000000003002e14       0x38 obj/drivers/base/src/clock.o
                0x0000000003002e14                BASE_FUNC_DelaySeconds
 .text.BASE_FUNC_Delay
                0x0000000003002e4c       0x52 obj/drivers/base/src/clock.o
                0x0000000003002e4c                BASE_FUNC_Delay
 .text.IRQ_ClearN
                0x0000000003002e9e       0x20 obj/drivers/base/src/interrupt.o
 .text.InterruptEntry
                0x0000000003002ebe       0x44 obj/drivers/base/src/interrupt.o
                0x0000000003002ebe                InterruptEntry
 .text.IRQ_Init
                0x0000000003002f02       0x58 obj/drivers/base/src/interrupt.o
                0x0000000003002f02                IRQ_Init
 .text.IRQ_Register
                0x0000000003002f5a       0x86 obj/drivers/base/src/interrupt.o
                0x0000000003002f5a                IRQ_Register
 .text.IRQ_EnableN
                0x0000000003002fe0      0x152 obj/drivers/base/src/interrupt.o
                0x0000000003002fe0                IRQ_EnableN
 .text.SysErrPrint
                0x0000000003003132       0x12 obj/drivers/base/src/interrupt.o
                0x0000000003003132                SysErrPrint
 .text.SysErrFinish
                0x0000000003003144        0xe obj/drivers/base/src/interrupt.o
 .text.SysErrExcEntry
                0x0000000003003152       0x1e obj/drivers/base/src/interrupt.o
                0x0000000003003152                SysErrExcEntry
 .text.SysErrNmiEntry
                0x0000000003003170       0x34 obj/drivers/base/src/interrupt.o
                0x0000000003003170                SysErrNmiEntry
 .text.SetLocalIntNumPri
                0x00000000030031a4      0x2ca obj/drivers/base/src/interrupt.o
 .text.IRQ_SetLocalPriority
                0x000000000300346e      0x306 obj/drivers/base/src/interrupt.o
 .text.IRQ_SetPriority
                0x0000000003003774       0x78 obj/drivers/base/src/interrupt.o
                0x0000000003003774                IRQ_SetPriority
 .text.IRQ_DummyHandler
                0x00000000030037ec       0x12 obj/drivers/base/src/interrupt.o
 .text.IRQ_SetCallBack
                0x00000000030037fe       0x46 obj/drivers/base/src/interrupt.o
 .text.IRQ_GetCpuPrivilege
                0x0000000003003844       0x1a obj/drivers/base/src/interrupt.o
 .text.CAN_WaitTime
                0x000000000300385e       0x70 obj/drivers/can/src/can.o
 .text.CAN_AutoRetrans
                0x00000000030038ce       0x40 obj/drivers/can/src/can.o
 .text.HAL_CAN_Init
                0x000000000300390e      0x1e2 obj/drivers/can/src/can.o
                0x000000000300390e                HAL_CAN_Init
 .text.WriteData
                0x0000000003003af0      0x12e obj/drivers/can/src/can.o
 .text.HAL_CAN_Write
                0x0000000003003c1e      0x20e obj/drivers/can/src/can.o
                0x0000000003003c1e                HAL_CAN_Write
 .text.CAN_ReadCallback
                0x0000000003003e2c      0x24c obj/drivers/can/src/can.o
 .text.CAN_ReceiveFilter
                0x0000000003004078      0x1e0 obj/drivers/can/src/can.o
 .text.HAL_CAN_ReadIT
                0x0000000003004258       0x80 obj/drivers/can/src/can.o
                0x0000000003004258                HAL_CAN_ReadIT
 .text.CAN_ConfigReadReq
                0x00000000030042d8       0xe6 obj/drivers/can/src/can.o
 .text.WriteFinishClear
                0x00000000030043be       0x64 obj/drivers/can/src/can.o
 .text.WriteIrqService
                0x0000000003004422       0x4a obj/drivers/can/src/can.o
 .text.ReadIrqService
                0x000000000300446c       0x38 obj/drivers/can/src/can.o
 .text.HAL_CAN_IrqHandler
                0x00000000030044a4       0xfa obj/drivers/can/src/can.o
                0x00000000030044a4                HAL_CAN_IrqHandler
 .text.HAL_CAN_RegisterCallBack
                0x000000000300459e       0x5c obj/drivers/can/src/can.o
                0x000000000300459e                HAL_CAN_RegisterCallBack
 .text.DCL_SYSCTRL_CrgWriteProtectionDisable
                0x00000000030045fa       0x28 obj/drivers/crg/src/crg.o
 .text.DCL_SYSCTRL_CrgWriteProtectionEnable
                0x0000000003004622       0x2a obj/drivers/crg/src/crg.o
 .text.IsCrgPllRefClkSelect
                0x000000000300464c       0x2c obj/drivers/crg/src/crg.o
 .text.IsCrgPllPreDiv
                0x0000000003004678       0x1c obj/drivers/crg/src/crg.o
 .text.IsCrgPllPostDiv
                0x0000000003004694       0x1c obj/drivers/crg/src/crg.o
 .text.IsCrgPllPostDiv2
                0x00000000030046b0       0x1c obj/drivers/crg/src/crg.o
 .text.IsCrgPllFbDiv
                0x00000000030046cc       0x1c obj/drivers/crg/src/crg.o
 .text.IsCrgCoreCkSel
                0x00000000030046e8       0x36 obj/drivers/crg/src/crg.o
 .text.IsCrg1MCkSel
                0x000000000300471e       0x2c obj/drivers/crg/src/crg.o
 .text.IsCrg1MCkDiv
                0x000000000300474a       0x1c obj/drivers/crg/src/crg.o
 .text.IsCrgAHBCkSel
                0x0000000003004766       0x40 obj/drivers/crg/src/crg.o
 .text.IsCrgValidPreDiv
                0x00000000030047a6       0x5e obj/drivers/crg/src/crg.o
 .text.IsCrgValidFdDiv
                0x0000000003004804       0x8a obj/drivers/crg/src/crg.o
 .text.IsCrgValidPostDiv
                0x000000000300488e       0x48 obj/drivers/crg/src/crg.o
 .text.IsCrgValidPostDiv2
                0x00000000030048d6       0x48 obj/drivers/crg/src/crg.o
 .text.IsCrgAdcClkModeSelect
                0x000000000300491e       0x40 obj/drivers/crg/src/crg.o
 .text.IsCrgAdcClkDiv
                0x000000000300495e       0x40 obj/drivers/crg/src/crg.o
 .text.DCL_CRG_SetCoreClkSel
                0x000000000300499e       0x70 obj/drivers/crg/src/crg.o
 .text.HAL_CRG_Init
                0x0000000003004a0e      0x2c4 obj/drivers/crg/src/crg.o
                0x0000000003004a0e                HAL_CRG_Init
 .text.HAL_CRG_SetCoreClockSelect
                0x0000000003004cd2       0x8e obj/drivers/crg/src/crg.o
                0x0000000003004cd2                HAL_CRG_SetCoreClockSelect
 .text.CRG_GetVcoFreq
                0x0000000003004d60       0x96 obj/drivers/crg/src/crg.o
 .text.HAL_CRG_GetPllFreq
                0x0000000003004df6       0x6a obj/drivers/crg/src/crg.o
                0x0000000003004df6                HAL_CRG_GetPllFreq
 .text.HAL_CRG_GetCoreClkFreq
                0x0000000003004e60       0x92 obj/drivers/crg/src/crg.o
                0x0000000003004e60                HAL_CRG_GetCoreClkFreq
 .text.HAL_CRG_GetIpFreq
                0x0000000003004ef2       0xec obj/drivers/crg/src/crg.o
                0x0000000003004ef2                HAL_CRG_GetIpFreq
 .text.AssertErrorLog.trans.2
                0x0000000003004fde        0x4 _kmpl_trans
                0x0000000003004fde                AssertErrorLog.trans.2
 .text.HAL_CRG_IpEnableSet
                0x0000000003004fe2       0xcc obj/drivers/crg/src/crg.o
                0x0000000003004fe2                HAL_CRG_IpEnableSet
 .text.HAL_CRG_IpClkSelectSet
                0x00000000030050ae       0xaa obj/drivers/crg/src/crg.o
                0x00000000030050ae                HAL_CRG_IpClkSelectSet
 .text.HAL_CRG_IpClkDivSet
                0x0000000003005158       0xaa obj/drivers/crg/src/crg.o
                0x0000000003005158                HAL_CRG_IpClkDivSet
 .text.GetCrgIpMatchInfo.trans.39
                0x0000000003005202        0x4 _kmpl_trans
                0x0000000003005202                GetCrgIpMatchInfo.trans.39
 .text.CRG_GetLsIpFreq
                0x0000000003005206       0x94 obj/drivers/crg/src/crg.o
 .text.CRG_GetAdcIpFreq
                0x000000000300529a      0x11a obj/drivers/crg/src/crg.o
 .text.CRG_IsValidPllConfig
                0x00000000030053b4       0xc2 obj/drivers/crg/src/crg.o
 .text.CRG_IsValid1MHzConfig
                0x0000000003005476       0x52 obj/drivers/crg/src/crg.o
 .text.CRG_GetPllRefIni
                0x00000000030054c8       0x2a obj/drivers/crg/src/crg.o
 .text.CRG_GetPreDivValue
                0x00000000030054f2       0x2e obj/drivers/crg/src/crg.o
 .text.CRG_GetPllFbDivValue
                0x0000000003005520       0x42 obj/drivers/crg/src/crg.o
 .text.CRG_GetPllPostDivValue
                0x0000000003005562       0x3a obj/drivers/crg/src/crg.o
 .text.CRG_IpWithClkSelEnableSet
                0x000000000300559c       0x9a obj/drivers/crg/src/crg.o
 .text.CRG_IpWithClkSelEnableGet
                0x0000000003005636       0x66 obj/drivers/crg/src/crg.o
 .text.CRG_IpWithClkSelResetSet
                0x000000000300569c       0x7e obj/drivers/crg/src/crg.o
 .text.CRG_IpWithClkSelResetGet
                0x000000000300571a       0x68 obj/drivers/crg/src/crg.o
 .text.CRG_IpWithClkSelClkSelSet
                0x0000000003005782       0xa0 obj/drivers/crg/src/crg.o
 .text.CRG_IpWithClkSelClkSelGet
                0x0000000003005822       0x68 obj/drivers/crg/src/crg.o
 .text.CRG_IpWoClkSelEnableSet
                0x000000000300588a      0x186 obj/drivers/crg/src/crg.o
 .text.CRG_IpWoClkSelEnableGet
                0x0000000003005a10       0x80 obj/drivers/crg/src/crg.o
 .text.CRG_IpWoClkSelResetSet
                0x0000000003005a90      0x102 obj/drivers/crg/src/crg.o
 .text.CRG_IpWoClkSelResetGet
                0x0000000003005b92       0x82 obj/drivers/crg/src/crg.o
 .text.CRG_AdcEnableSet
                0x0000000003005c14       0xae obj/drivers/crg/src/crg.o
 .text.CRG_AdcEnableGet
                0x0000000003005cc2       0x76 obj/drivers/crg/src/crg.o
 .text.AssertErrorLog.trans.3
                0x0000000003005d38        0x4 _kmpl_trans
                0x0000000003005d38                AssertErrorLog.trans.3
 .text.CRG_AdcClkSelectSet
                0x0000000003005d3c       0xee obj/drivers/crg/src/crg.o
 .text.CRG_AdcClkSelectGet
                0x0000000003005e2a       0x82 obj/drivers/crg/src/crg.o
 .text.CRG_AdcDivSet
                0x0000000003005eac       0xd0 obj/drivers/crg/src/crg.o
 .text.CRG_AdcDivGet
                0x0000000003005f7c       0x8e obj/drivers/crg/src/crg.o
 .text.CRG_EfcEnableSet
                0x000000000300600a       0x78 obj/drivers/crg/src/crg.o
 .text.CRG_EfcEnableGet
                0x0000000003006082       0x66 obj/drivers/crg/src/crg.o
 .text.CRG_AnaEnableSet
                0x00000000030060e8      0x164 obj/drivers/crg/src/crg.o
 .text.CRG_AnaEnableGet
                0x000000000300624c       0x76 obj/drivers/crg/src/crg.o
 .text.DBG_PrintCh
                0x00000000030062c2       0x42 obj/drivers/debug/src/debug.o
 .text.DBG_PrintStr
                0x0000000003006304       0x4a obj/drivers/debug/src/debug.o
 .text.DBG_Pow  0x000000000300634e       0x40 obj/drivers/debug/src/debug.o
 .text.DBG_CountDigits
                0x000000000300638e       0x68 obj/drivers/debug/src/debug.o
 .text.DBG_PutUnsignedNum
                0x00000000030063f6       0xb2 obj/drivers/debug/src/debug.o
 .text.DBG_PrintInt
                0x00000000030064a8       0x5e obj/drivers/debug/src/debug.o
 .text.DBG_PrintHex
                0x0000000003006506       0x44 obj/drivers/debug/src/debug.o
 .text.DBG_PrintFlt
                0x000000000300654a      0x13c obj/drivers/debug/src/debug.o
 .text.ParseSpecifier
                0x0000000003006686      0x19c obj/drivers/debug/src/debug.o
 .text.DBG_PrintIntWithField
                0x0000000003006822      0x11a obj/drivers/debug/src/debug.o
 .text.DBG_Atoi
                0x000000000300693c       0x6a obj/drivers/debug/src/debug.o
 .text.DBG_UartPrintf
                0x00000000030069a6      0x168 obj/drivers/debug/src/debug.o
                0x00000000030069a6                DBG_UartPrintf
 .text.IsGpioValue
                0x0000000003006b0e       0x2c obj/drivers/gpio/src/gpio.o
 .text.IsGpioDirection
                0x0000000003006b3a       0x2c obj/drivers/gpio/src/gpio.o
 .text.IsGpioPins
                0x0000000003006b66       0x30 obj/drivers/gpio/src/gpio.o
 .text.IsGpioPin
                0x0000000003006b96       0x7e obj/drivers/gpio/src/gpio.o
 .text.IsGpioITMode
                0x0000000003006c14       0x54 obj/drivers/gpio/src/gpio.o
 .text.DCL_GPIO_SetValue
                0x0000000003006c68       0xd4 obj/drivers/gpio/src/gpio.o
 .text.DCL_GPIO_SetDirection
                0x0000000003006d3c       0xf6 obj/drivers/gpio/src/gpio.o
 .text.DCL_GPIO_ClearIrq
                0x0000000003006e32       0xa6 obj/drivers/gpio/src/gpio.o
 .text.DCL_GPIO_EnableIrq
                0x0000000003006ed8       0xb0 obj/drivers/gpio/src/gpio.o
 .text.DCL_GPIO_DisableIrq
                0x0000000003006f88       0xaa obj/drivers/gpio/src/gpio.o
 .text.DCL_GPIO_GetMIS
                0x0000000003007032       0x7a obj/drivers/gpio/src/gpio.o
 .text.HAL_GPIO_Init
                0x00000000030070ac       0xe6 obj/drivers/gpio/src/gpio.o
                0x00000000030070ac                HAL_GPIO_Init
 .text.HAL_GPIO_SetDirection
                0x0000000003007192       0xe8 obj/drivers/gpio/src/gpio.o
                0x0000000003007192                HAL_GPIO_SetDirection
 .text.HAL_GPIO_SetValue
                0x000000000300727a       0xea obj/drivers/gpio/src/gpio.o
                0x000000000300727a                HAL_GPIO_SetValue
 .text.AssertErrorLog.trans.4
                0x0000000003007364        0x4 _kmpl_trans
                0x0000000003007364                AssertErrorLog.trans.4
 .text.GPIO_SetLevelIrqType
                0x0000000003007368       0x96 obj/drivers/gpio/src/gpio.o
 .text.GPIO_SetEdgeIrqType
                0x00000000030073fe       0x9a obj/drivers/gpio/src/gpio.o
 .text.HAL_GPIO_SetIrqType
                0x0000000003007498      0x20c obj/drivers/gpio/src/gpio.o
                0x0000000003007498                HAL_GPIO_SetIrqType
 .text.GPIO_ExcuteCallBack
                0x00000000030076a4      0x108 obj/drivers/gpio/src/gpio.o
 .text.HAL_GPIO_IrqHandler
                0x00000000030077ac      0x10a obj/drivers/gpio/src/gpio.o
                0x00000000030077ac                HAL_GPIO_IrqHandler
 .text.HAL_GPIO_RegisterCallBack
                0x00000000030078b6       0xfa obj/drivers/gpio/src/gpio.o
                0x00000000030078b6                HAL_GPIO_RegisterCallBack
 .text.IsGptPwmNum
                0x00000000030079b0       0x1c obj/drivers/gpt/src/gpt.o
 .text.IsGptDiv
                0x00000000030079cc       0x1e obj/drivers/gpt/src/gpt.o
 .text.IsGptPeriod
                0x00000000030079ea       0x30 obj/drivers/gpt/src/gpt.o
 .text.IsGptRefDot
                0x0000000003007a1a       0x1e obj/drivers/gpt/src/gpt.o
 .text.IsGptAction
                0x0000000003007a38       0x1c obj/drivers/gpt/src/gpt.o
 .text.GPT_GetKeepState
                0x0000000003007a54       0x28 obj/drivers/gpt/src/gpt.o
 .text.HAL_GPT_Init
                0x0000000003007a7c       0x8e obj/drivers/gpt/src/gpt.o
                0x0000000003007a7c                HAL_GPT_Init
 .text.HAL_GPT_Start
                0x0000000003007b0a       0x8e obj/drivers/gpt/src/gpt.o
                0x0000000003007b0a                HAL_GPT_Start
 .text.HAL_GPT_Stop
                0x0000000003007b98       0x8c obj/drivers/gpt/src/gpt.o
                0x0000000003007b98                HAL_GPT_Stop
 .text.HAL_GPT_Config
                0x0000000003007c24      0x30c obj/drivers/gpt/src/gpt.o
                0x0000000003007c24                HAL_GPT_Config
 .text.HAL_GPT_GetConfig
                0x0000000003007f30      0x1a0 obj/drivers/gpt/src/gpt.o
                0x0000000003007f30                HAL_GPT_GetConfig
 .text.AssertErrorLog.trans.5
                0x00000000030080d0        0x4 _kmpl_trans
                0x00000000030080d0                AssertErrorLog.trans.5
 .text.IsI2cFunctionMode
                0x00000000030080d4       0x40 obj/drivers/i2c/src/i2c.o
 .text.IsI2cAddressMode
                0x0000000003008114       0x2c obj/drivers/i2c/src/i2c.o
 .text.IsI2cSdaHoldTime
                0x0000000003008140       0x1e obj/drivers/i2c/src/i2c.o
 .text.IsI2cGeneralCallMode
                0x000000000300815e       0x2c obj/drivers/i2c/src/i2c.o
 .text.IsI2cOwnAddressOrMask
                0x000000000300818a       0x1c obj/drivers/i2c/src/i2c.o
 .text.IsXMBusAddressOrMask
                0x00000000030081a6       0x1c obj/drivers/i2c/src/i2c.o
 .text.IsXMBusAddressEnable
                0x00000000030081c2       0x2c obj/drivers/i2c/src/i2c.o
 .text.IsI2cSpikeFilterTime
                0x00000000030081ee       0x1c obj/drivers/i2c/src/i2c.o
 .text.IsI2cFreq
                0x000000000300820a       0x1c obj/drivers/i2c/src/i2c.o
 .text.IsI2cIgnoreAckFlag
                0x0000000003008226       0x2c obj/drivers/i2c/src/i2c.o
 .text.IsI2cTxWaterMark
                0x0000000003008252       0x1c obj/drivers/i2c/src/i2c.o
 .text.IsI2cRxWaterMark
                0x000000000300826e       0x1c obj/drivers/i2c/src/i2c.o
 .text.IsI2cSdaDelayTime
                0x000000000300828a       0x1c obj/drivers/i2c/src/i2c.o
 .text.CheckAllInitParameters
                0x00000000030082a6      0x24c obj/drivers/i2c/src/i2c.o
 .text.HAL_I2C_Init
                0x00000000030084f2      0x2e2 obj/drivers/i2c/src/i2c.o
                0x00000000030084f2                HAL_I2C_Init
 .text.DCL_IOCMG_SetRegValue
                0x00000000030087d4       0x44 obj/drivers/iocmg/src/iocmg.o
 .text.DCL_IOCMG_SetDriveRate
                0x0000000003008818       0x6e obj/drivers/iocmg/src/iocmg.o
 .text.DCL_IOCMG_SetPullMode
                0x0000000003008886       0x8c obj/drivers/iocmg/src/iocmg.o
 .text.DCL_IOCMG_SetLevelShiftRate
                0x0000000003008912       0x6e obj/drivers/iocmg/src/iocmg.o
 .text.DCL_IOCMG_SetSchmidtMode
                0x0000000003008980       0x6e obj/drivers/iocmg/src/iocmg.o
 .text.IOCMG_GetRegAddr
                0x00000000030089ee       0x52 obj/drivers/iocmg/src/iocmg.o
 .text.HAL_IOCMG_SetPinAltFuncMode
                0x0000000003008a40       0x3a obj/drivers/iocmg/src/iocmg.o
                0x0000000003008a40                HAL_IOCMG_SetPinAltFuncMode
 .text.HAL_IOCMG_SetPinPullMode
                0x0000000003008a7a       0x4c obj/drivers/iocmg/src/iocmg.o
                0x0000000003008a7a                HAL_IOCMG_SetPinPullMode
 .text.HAL_IOCMG_SetPinSchmidtMode
                0x0000000003008ac6       0x4c obj/drivers/iocmg/src/iocmg.o
                0x0000000003008ac6                HAL_IOCMG_SetPinSchmidtMode
 .text.HAL_IOCMG_SetPinLevelShiftRate
                0x0000000003008b12       0x4c obj/drivers/iocmg/src/iocmg.o
                0x0000000003008b12                HAL_IOCMG_SetPinLevelShiftRate
 .text.HAL_IOCMG_SetPinDriveRate
                0x0000000003008b5e       0x4c obj/drivers/iocmg/src/iocmg.o
                0x0000000003008b5e                HAL_IOCMG_SetPinDriveRate
 .text.AssertErrorLog.trans.6
                0x0000000003008baa        0x4 _kmpl_trans
                0x0000000003008baa                AssertErrorLog.trans.6
 .text.IsEmuMode
                0x0000000003008bae       0x32 obj/drivers/qdm/src/qdm.o
 .text.IsLockMode
                0x0000000003008be0       0x3c obj/drivers/qdm/src/qdm.o
 .text.IsDecodeMode
                0x0000000003008c1c       0x22 obj/drivers/qdm/src/qdm.o
 .text.IsResolution
                0x0000000003008c3e       0x32 obj/drivers/qdm/src/qdm.o
 .text.IsSwap   0x0000000003008c70       0x28 obj/drivers/qdm/src/qdm.o
 .text.IsTrgLockMode
                0x0000000003008c98       0x28 obj/drivers/qdm/src/qdm.o
 .text.IsPtuMode
                0x0000000003008cc0       0x28 obj/drivers/qdm/src/qdm.o
 .text.IsPcntMode
                0x0000000003008ce8       0x32 obj/drivers/qdm/src/qdm.o
 .text.IsPcntRstMode
                0x0000000003008d1a       0x3c obj/drivers/qdm/src/qdm.o
 .text.IsPcntIdxInitMode
                0x0000000003008d56       0x3c obj/drivers/qdm/src/qdm.o
 .text.IsTsuPrescaler
                0x0000000003008d92       0x6e obj/drivers/qdm/src/qdm.o
 .text.IsCevtPrescaler
                0x0000000003008e00       0x8c obj/drivers/qdm/src/qdm.o
 .text.DCL_QDM_SetInputFilterWidth
                0x0000000003008e8c      0x10a obj/drivers/qdm/src/qdm.o
 .text.DCL_QDM_SetIndexLockMode
                0x0000000003008f96       0x7a obj/drivers/qdm/src/qdm.o
 .text.QDM_DecoderConfig
                0x0000000003009010      0x226 obj/drivers/qdm/src/qdm.o
 .text.QDM_CounterConfig
                0x0000000003009236      0x1f4 obj/drivers/qdm/src/qdm.o
 .text.QDM_EnableSubmodule
                0x000000000300942a       0x8c obj/drivers/qdm/src/qdm.o
 .text.QDM_InterruptEnable
                0x00000000030094b6       0x66 obj/drivers/qdm/src/qdm.o
 .text.SpeedLose
                0x000000000300951c       0x2a obj/drivers/qdm/src/qdm.o
 .text.ZIndexLock
                0x0000000003009546       0x2a obj/drivers/qdm/src/qdm.o
 .text.OrthoDirChange
                0x0000000003009570       0x2e obj/drivers/qdm/src/qdm.o
 .text.OrthoPhaseErr
                0x000000000300959e       0x2e obj/drivers/qdm/src/qdm.o
 .text.PosCompareMatch
                0x00000000030095cc       0x2a obj/drivers/qdm/src/qdm.o
 .text.PosCompareReady
                0x00000000030095f6       0x2a obj/drivers/qdm/src/qdm.o
 .text.PosCounterErr
                0x0000000003009620       0x2e obj/drivers/qdm/src/qdm.o
 .text.PosCounterOverflow
                0x000000000300964e       0x2a obj/drivers/qdm/src/qdm.o
 .text.PosCounterUnderflow
                0x0000000003009678       0x2a obj/drivers/qdm/src/qdm.o
 .text.OtherInterruptCallBack
                0x00000000030096a2       0xfc obj/drivers/qdm/src/qdm.o
 .text.CalculateSpeed
                0x000000000300979e      0x134 obj/drivers/qdm/src/qdm.o
 .text.HAL_QDM_IrqHandler
                0x00000000030098d2      0x150 obj/drivers/qdm/src/qdm.o
                0x00000000030098d2                HAL_QDM_IrqHandler
 .text.AssertErrorLog.trans.7
                0x0000000003009a22        0x4 _kmpl_trans
                0x0000000003009a22                AssertErrorLog.trans.7
 .text.SelectInterruptCallback
                0x0000000003009a26       0xb8 obj/drivers/qdm/src/qdm.o
 .text.HAL_QDM_RegisterCallback
                0x0000000003009ade       0x84 obj/drivers/qdm/src/qdm.o
                0x0000000003009ade                HAL_QDM_RegisterCallback
 .text.HAL_QDM_Init
                0x0000000003009b62      0x134 obj/drivers/qdm/src/qdm.o
                0x0000000003009b62                HAL_QDM_Init
 .text.HAL_QDM_ReadPosCountAndDir
                0x0000000003009c96       0xb0 obj/drivers/qdm/src/qdm.o
                0x0000000003009c96                HAL_QDM_ReadPosCountAndDir
 .text.IsTimerMode
                0x0000000003009d46       0x36 obj/drivers/timer/src/timer.o
 .text.IsTimerInterruptType
                0x0000000003009d7c       0x2c obj/drivers/timer/src/timer.o
 .text.IsTimerSize
                0x0000000003009da8       0x2c obj/drivers/timer/src/timer.o
 .text.IsTimerPeriod
                0x0000000003009dd4       0x1c obj/drivers/timer/src/timer.o
 .text.IsTimerDiv
                0x0000000003009df0       0x36 obj/drivers/timer/src/timer.o
 .text.HAL_TIMER_Init
                0x0000000003009e26      0x252 obj/drivers/timer/src/timer.o
                0x0000000003009e26                HAL_TIMER_Init
 .text.HAL_TIMER_Start
                0x000000000300a078       0x82 obj/drivers/timer/src/timer.o
                0x000000000300a078                HAL_TIMER_Start
 .text.HAL_TIMER_IrqHandler
                0x000000000300a0fa       0xe8 obj/drivers/timer/src/timer.o
                0x000000000300a0fa                HAL_TIMER_IrqHandler
 .text.HAL_TIMER_RegisterCallback
                0x000000000300a1e2       0x94 obj/drivers/timer/src/timer.o
                0x000000000300a1e2                HAL_TIMER_RegisterCallback
 .text.AssertErrorLog.trans.8
                0x000000000300a276        0x4 _kmpl_trans
                0x000000000300a276                AssertErrorLog.trans.8
 .text.IsUartDatalength
                0x000000000300a27a       0x1c obj/drivers/uart/src/uart.o
 .text.IsUartStopbits
                0x000000000300a296       0x2c obj/drivers/uart/src/uart.o
 .text.IsUartParitymode
                0x000000000300a2c2       0x22 obj/drivers/uart/src/uart.o
 .text.IsUartTransmode
                0x000000000300a2e4       0x3c obj/drivers/uart/src/uart.o
 .text.IsUartFIFOThreshold
                0x000000000300a320       0x1c obj/drivers/uart/src/uart.o
 .text.IsUartOversampleMultiple
                0x000000000300a33c       0x1c obj/drivers/uart/src/uart.o
 .text.DivClosest
                0x000000000300a358       0x3e obj/drivers/uart/src/uart.o
 .text.BaudDetectCallBack
                0x000000000300a396       0xdc obj/drivers/uart/src/uart.o
 .text.CharterMatchCallBack
                0x000000000300a472       0x4c obj/drivers/uart/src/uart.o
 .text.UART_SetParityBit
                0x000000000300a4be       0x96 obj/drivers/uart/src/uart.o
 .text.HAL_UART_Init
                0x000000000300a554      0x3be obj/drivers/uart/src/uart.o
                0x000000000300a554                HAL_UART_Init
 .text.HAL_UART_WriteIT
                0x000000000300a912      0x130 obj/drivers/uart/src/uart.o
                0x000000000300a912                HAL_UART_WriteIT
 .text.WriteITCallBack
                0x000000000300aa42      0x152 obj/drivers/uart/src/uart.o
 .text.HAL_UART_ReadIT
                0x000000000300ab94      0x132 obj/drivers/uart/src/uart.o
                0x000000000300ab94                HAL_UART_ReadIT
 .text.ReadITCallBack
                0x000000000300acc6      0x156 obj/drivers/uart/src/uart.o
 .text.ErrorServiceCallback
                0x000000000300ae1c      0x14a obj/drivers/uart/src/uart.o
 .text.HAL_UART_IrqHandler
                0x000000000300af66      0x15e obj/drivers/uart/src/uart.o
                0x000000000300af66                HAL_UART_IrqHandler
 .text.AssertErrorLog.trans.9
                0x000000000300b0c4        0x4 _kmpl_trans
                0x000000000300b0c4                AssertErrorLog.trans.9
 .text.HAL_UART_RegisterCallBack
                0x000000000300b0c8      0x10e obj/drivers/uart/src/uart.o
                0x000000000300b0c8                HAL_UART_RegisterCallBack
 .text.GPIO1_0_CallbackFunc
                0x000000000300b1d6       0x2a obj/user/button.o
                0x000000000300b1d6                GPIO1_0_CallbackFunc
 .text.GPIO1_1_CallbackFunc
                0x000000000300b200       0x2a obj/user/button.o
                0x000000000300b200                GPIO1_1_CallbackFunc
 .text.CANWriteCallbackFunc
                0x000000000300b22a       0x26 obj/user/can_interfaces.o
                0x000000000300b22a                CANWriteCallbackFunc
 .text.CANReadCallbackFunc
                0x000000000300b250       0x26 obj/user/can_interfaces.o
                0x000000000300b250                CANReadCallbackFunc
 .text.ReceiveMsg
                0x000000000300b276       0x60 obj/user/can_interfaces.o
                0x000000000300b276                ReceiveMsg
 .text.TransmitMsg
                0x000000000300b2d6       0x4c obj/user/can_interfaces.o
                0x000000000300b2d6                TransmitMsg
 .text.UART2WriteInterruptCallback
                0x000000000300b322       0x18 obj/user/debug_uart.o
                0x000000000300b322                UART2WriteInterruptCallback
 .text.UART2ReadInterruptCallback
                0x000000000300b33a       0x1e obj/user/debug_uart.o
                0x000000000300b33a                UART2ReadInterruptCallback
 .text.InitGearMotor
                0x000000000300b358      0x1f2 obj/user/encoder.o
                0x000000000300b358                InitGearMotor
 .text.QDM_CalMotorSpeed
                0x000000000300b54a      0x244 obj/user/encoder.o
                0x000000000300b54a                QDM_CalMotorSpeed
 .text.__floatunsidf.trans.44
                0x000000000300b78e        0x4 _kmpl_trans
                0x000000000300b78e                __floatunsidf.trans.44
 .text.__muldf3.trans.26
                0x000000000300b792        0x4 _kmpl_trans
                0x000000000300b792                __muldf3.trans.26
 .text.__divdf3.trans.24
                0x000000000300b796        0x4 _kmpl_trans
                0x000000000300b796                __divdf3.trans.24
 .text.DBG_UartPrintf.trans.13
                0x000000000300b79a        0x4 _kmpl_trans
                0x000000000300b79a                DBG_UartPrintf.trans.13
 .text.__extendsfdf2.trans.10
                0x000000000300b79e        0x4 _kmpl_trans
                0x000000000300b79e                __extendsfdf2.trans.10
 .text.data_transition
                0x000000000300b7a2      0x3a2 obj/user/eulercar_control.o
 .text.__truncdfsf2.trans.27
                0x000000000300bb44        0x4 _kmpl_trans
                0x000000000300bb44                __truncdfsf2.trans.27
 .text.UART3WriteInterruptCallback
                0x000000000300bb48       0x18 obj/user/eulercar_control.o
                0x000000000300bb48                UART3WriteInterruptCallback
 .text.UART3ReadInterruptCallback
                0x000000000300bb60       0x18 obj/user/eulercar_control.o
                0x000000000300bb60                UART3ReadInterruptCallback
 .text.TIMER0_InterruptProcess
                0x000000000300bb78      0x156 obj/user/eulercar_control.o
                0x000000000300bb78                TIMER0_InterruptProcess
 .text.QDM_CalMotorSpeed.trans.40
                0x000000000300bcce        0x4 _kmpl_trans
                0x000000000300bcce                QDM_CalMotorSpeed.trans.40
 .text.XYZ_transition
                0x000000000300bcd2       0x42 obj/user/eulercar_control.o
 .text.EulerCarSpeedCtrlLeft
                0x000000000300bd14       0xdc obj/user/eulercar_control.o
                0x000000000300bd14                EulerCarSpeedCtrlLeft
 .text.EulerCarSpeedCtrlRight
                0x000000000300bdf0       0xdc obj/user/eulercar_control.o
                0x000000000300bdf0                EulerCarSpeedCtrlRight
 .text.Pid_Process
                0x000000000300becc       0x42 obj/user/eulercar_control.o
                0x000000000300becc                Pid_Process
 .text.recv_data_cal
                0x000000000300bf0e      0x1ec obj/user/eulercar_control.o
                0x000000000300bf0e                recv_data_cal
 .text.__ltdf2.trans.41
                0x000000000300c0fa        0x4 _kmpl_trans
                0x000000000300c0fa                __ltdf2.trans.41
 .text.__divdf3.trans.25
                0x000000000300c0fe        0x4 _kmpl_trans
                0x000000000300c0fe                __divdf3.trans.25
 .text.fabsf.trans.23
                0x000000000300c102        0x4 _kmpl_trans
                0x000000000300c102                fabsf.trans.23
 .text.__extendsfdf2.trans.11
                0x000000000300c106        0x4 _kmpl_trans
                0x000000000300c106                __extendsfdf2.trans.11
 .text.UART3_INTRxSimultaneously
                0x000000000300c10a      0x62c obj/user/eulercar_control.o
                0x000000000300c10a                UART3_INTRxSimultaneously
 .text.DBG_UartPrintf.trans.14
                0x000000000300c736        0x4 _kmpl_trans
                0x000000000300c736                DBG_UartPrintf.trans.14
 .text.main     0x000000000300c73a      0x13a obj/user/main.o
                0x000000000300c73a                main
 .text.HAL_GPIO_SetValue.trans.33
                0x000000000300c874        0x4 _kmpl_trans
                0x000000000300c874                HAL_GPIO_SetValue.trans.33
 .text.Pid_Init
                0x000000000300c878       0x8e obj/user/pid.o
                0x000000000300c878                Pid_Init
 .text.Pid_Ctrl
                0x000000000300c906      0x1b2 obj/user/pid.o
                0x000000000300c906                Pid_Ctrl
 .text.__extendsfdf2.trans.12
                0x000000000300cab8        0x4 _kmpl_trans
                0x000000000300cab8                __extendsfdf2.trans.12
 .text.set_duty
                0x000000000300cabc       0x4c obj/user/pwm.o
                0x000000000300cabc                set_duty
 .text.Rotate   0x000000000300cb08       0x4e obj/user/pwm.o
                0x000000000300cb08                Rotate
 .text.up       0x000000000300cb56       0x32 obj/user/pwm.o
                0x000000000300cb56                up
 .text.down     0x000000000300cb88       0x32 obj/user/pwm.o
                0x000000000300cb88                down
 .text.open     0x000000000300cbba       0x32 obj/user/pwm.o
                0x000000000300cbba                open
 .text._close   0x000000000300cbec       0x32 obj/user/pwm.o
                0x000000000300cbec                _close
 .text.User_APTForcePWMAOutputLow
                0x000000000300cc1e       0x34 obj/user/user_motor_control.o
                0x000000000300cc1e                User_APTForcePWMAOutputLow
 .text.User_APTForcePWMBOutputLow
                0x000000000300cc52       0x36 obj/user/user_motor_control.o
                0x000000000300cc52                User_APTForcePWMBOutputLow
 .text.User_APTPwmARecovery
                0x000000000300cc88       0x20 obj/user/user_motor_control.o
                0x000000000300cc88                User_APTPwmARecovery
 .text.User_APTPwmBRecovery
                0x000000000300cca8       0x22 obj/user/user_motor_control.o
                0x000000000300cca8                User_APTPwmBRecovery
 .text.CRG_Config
                0x000000000300ccca       0x6a obj/user/generatecode/system_init.o
                0x000000000300ccca                CRG_Config
 .text.ADC0_Init
                0x000000000300cd34       0x84 obj/user/generatecode/system_init.o
 .text.APT0_Init
                0x000000000300cdb8       0x9a obj/user/generatecode/system_init.o
 .text.APT1_Init
                0x000000000300ce52       0x9a obj/user/generatecode/system_init.o
 .text.CAN_Init
                0x000000000300ceec       0xbc obj/user/generatecode/system_init.o
 .text.HAL_CAN_RegisterCallBack.trans.45
                0x000000000300cfa8        0x4 _kmpl_trans
                0x000000000300cfa8                HAL_CAN_RegisterCallBack.trans.45
 .text.CANTransCallbackFunc
                0x000000000300cfac       0x12 obj/user/generatecode/system_init.o
                0x000000000300cfac                CANTransCallbackFunc
 .text.GPIO_Init
                0x000000000300cfbe      0x14e obj/user/generatecode/system_init.o
 .text.HAL_GPIO_SetIrqType.trans.48
                0x000000000300d10c        0x4 _kmpl_trans
                0x000000000300d10c                HAL_GPIO_SetIrqType.trans.48
 .text.HAL_GPIO_SetDirection.trans.47
                0x000000000300d110        0x4 _kmpl_trans
                0x000000000300d110                HAL_GPIO_SetDirection.trans.47
 .text.HAL_GPIO_Init.trans.46
                0x000000000300d114        0x4 _kmpl_trans
                0x000000000300d114                HAL_GPIO_Init.trans.46
 .text.HAL_GPIO_SetValue.trans.34
                0x000000000300d118        0x4 _kmpl_trans
                0x000000000300d118                HAL_GPIO_SetValue.trans.34
 .text.GPT0_Init
                0x000000000300d11c       0x94 obj/user/generatecode/system_init.o
 .text.GPT1_Init
                0x000000000300d1b0       0x92 obj/user/generatecode/system_init.o
 .text.HAL_CRG_IpEnableSet.trans.21
                0x000000000300d242        0x4 _kmpl_trans
                0x000000000300d242                HAL_CRG_IpEnableSet.trans.21
 .text.GPT2_Init
                0x000000000300d246       0x92 obj/user/generatecode/system_init.o
 .text.GPT3_Init
                0x000000000300d2d8       0x94 obj/user/generatecode/system_init.o
 .text.HAL_GPT_Init.trans.43
                0x000000000300d36c        0x4 _kmpl_trans
                0x000000000300d36c                HAL_GPT_Init.trans.43
 .text.I2C0_Init
                0x000000000300d370       0x8e obj/user/generatecode/system_init.o
 .text.I2C1_Init
                0x000000000300d3fe       0x8e obj/user/generatecode/system_init.o
 .text.QDM0PTUCycleCallback
                0x000000000300d48c       0x12 obj/user/generatecode/system_init.o
                0x000000000300d48c                QDM0PTUCycleCallback
 .text.QDM0ZIndexLockedCallback
                0x000000000300d49e       0x12 obj/user/generatecode/system_init.o
                0x000000000300d49e                QDM0ZIndexLockedCallback
 .text.QDM0QuadraturePhaseErrorCallback
                0x000000000300d4b0       0x12 obj/user/generatecode/system_init.o
                0x000000000300d4b0                QDM0QuadraturePhaseErrorCallback
 .text.QDM0_Init
                0x000000000300d4c2      0x148 obj/user/generatecode/system_init.o
 .text.QDM1PTUCycleCallback
                0x000000000300d60a       0x12 obj/user/generatecode/system_init.o
                0x000000000300d60a                QDM1PTUCycleCallback
 .text.QDM1ZIndexLockedCallback
                0x000000000300d61c       0x12 obj/user/generatecode/system_init.o
                0x000000000300d61c                QDM1ZIndexLockedCallback
 .text.QDM1QuadraturePhaseErrorCallback
                0x000000000300d62e       0x12 obj/user/generatecode/system_init.o
                0x000000000300d62e                QDM1QuadraturePhaseErrorCallback
 .text.QDM1_Init
                0x000000000300d640      0x144 obj/user/generatecode/system_init.o
 .text.HAL_QDM_RegisterCallback.trans.35
                0x000000000300d784        0x4 _kmpl_trans
                0x000000000300d784                HAL_QDM_RegisterCallback.trans.35
 .text.TIMER0_Init
                0x000000000300d788       0xd6 obj/user/generatecode/system_init.o
 .text.HAL_CRG_IpClkSelectSet.trans.28
                0x000000000300d85e        0x4 _kmpl_trans
                0x000000000300d85e                HAL_CRG_IpClkSelectSet.trans.28
 .text.UART0_Init
                0x000000000300d862       0x98 obj/user/generatecode/system_init.o
 .text.UART2InterruptErrorCallback
                0x000000000300d8fa       0x12 obj/user/generatecode/system_init.o
                0x000000000300d8fa                UART2InterruptErrorCallback
 .text.UART2_Init
                0x000000000300d90c       0xe2 obj/user/generatecode/system_init.o
 .text.UART3InterruptErrorCallback
                0x000000000300d9ee       0x12 obj/user/generatecode/system_init.o
                0x000000000300d9ee                UART3InterruptErrorCallback
 .text.UART3_Init
                0x000000000300da00       0xe2 obj/user/generatecode/system_init.o
 .text.HAL_UART_Init.trans.49
                0x000000000300dae2        0x4 _kmpl_trans
                0x000000000300dae2                HAL_UART_Init.trans.49
 .text.HAL_UART_RegisterCallBack.trans.36
                0x000000000300dae6        0x4 _kmpl_trans
                0x000000000300dae6                HAL_UART_RegisterCallBack.trans.36
 .text.IRQ_EnableN.trans.31
                0x000000000300daea        0x4 _kmpl_trans
                0x000000000300daea                IRQ_EnableN.trans.31
 .text.IRQ_SetPriority.trans.30
                0x000000000300daee        0x4 _kmpl_trans
                0x000000000300daee                IRQ_SetPriority.trans.30
 .text.IRQ_Register.trans.29
                0x000000000300daf2        0x4 _kmpl_trans
                0x000000000300daf2                IRQ_Register.trans.29
 .text.HAL_CRG_IpEnableSet.trans.22
                0x000000000300daf6        0x4 _kmpl_trans
                0x000000000300daf6                HAL_CRG_IpEnableSet.trans.22
 .text.IOConfig
                0x000000000300dafa      0x7c6 obj/user/generatecode/system_init.o
 .text.HAL_IOCMG_SetPinDriveRate.trans.19
                0x000000000300e2c0        0x4 _kmpl_trans
                0x000000000300e2c0                HAL_IOCMG_SetPinDriveRate.trans.19
 .text.HAL_IOCMG_SetPinLevelShiftRate.trans.18
                0x000000000300e2c4        0x4 _kmpl_trans
                0x000000000300e2c4                HAL_IOCMG_SetPinLevelShiftRate.trans.18
 .text.HAL_IOCMG_SetPinSchmidtMode.trans.17
                0x000000000300e2c8        0x4 _kmpl_trans
                0x000000000300e2c8                HAL_IOCMG_SetPinSchmidtMode.trans.17
 .text.HAL_IOCMG_SetPinPullMode.trans.16
                0x000000000300e2cc        0x4 _kmpl_trans
                0x000000000300e2cc                HAL_IOCMG_SetPinPullMode.trans.16
 .text.HAL_IOCMG_SetPinAltFuncMode.trans.15
                0x000000000300e2d0        0x4 _kmpl_trans
                0x000000000300e2d0                HAL_IOCMG_SetPinAltFuncMode.trans.15
 .text.SystemInit
                0x000000000300e2d4       0x58 obj/user/generatecode/system_init.o
                0x000000000300e2d4                SystemInit
 .text          0x000000000300e32c      0x842 c:/program files/hispark-studio/tools/windows/cc_riscv32_musl_fp_win/bin/../lib/gcc/riscv32-linux-musl/7.3.0\libgcc.a(adddf3.o)
                0x000000000300e32c                __adddf3
 .text          0x000000000300eb6e      0x69e c:/program files/hispark-studio/tools/windows/cc_riscv32_musl_fp_win/bin/../lib/gcc/riscv32-linux-musl/7.3.0\libgcc.a(divdf3.o)
                0x000000000300eb6e                __divdf3
 .text          0x000000000300f20c       0xb4 c:/program files/hispark-studio/tools/windows/cc_riscv32_musl_fp_win/bin/../lib/gcc/riscv32-linux-musl/7.3.0\libgcc.a(gedf2.o)
                0x000000000300f20c                __gedf2
                0x000000000300f20c                __gtdf2
 .text          0x000000000300f2c0       0xb4 c:/program files/hispark-studio/tools/windows/cc_riscv32_musl_fp_win/bin/../lib/gcc/riscv32-linux-musl/7.3.0\libgcc.a(ledf2.o)
                0x000000000300f2c0                __ledf2
                0x000000000300f2c0                __ltdf2
 .text          0x000000000300f374      0x5b6 c:/program files/hispark-studio/tools/windows/cc_riscv32_musl_fp_win/bin/../lib/gcc/riscv32-linux-musl/7.3.0\libgcc.a(muldf3.o)
                0x000000000300f374                __muldf3
 .text          0x000000000300f92a      0x84e c:/program files/hispark-studio/tools/windows/cc_riscv32_musl_fp_win/bin/../lib/gcc/riscv32-linux-musl/7.3.0\libgcc.a(subdf3.o)
                0x000000000300f92a                __subdf3
 .text          0x0000000003010178       0xc2 c:/program files/hispark-studio/tools/windows/cc_riscv32_musl_fp_win/bin/../lib/gcc/riscv32-linux-musl/7.3.0\libgcc.a(fixdfsi.o)
                0x0000000003010178                __fixdfsi
 .text          0x000000000301023a       0x66 c:/program files/hispark-studio/tools/windows/cc_riscv32_musl_fp_win/bin/../lib/gcc/riscv32-linux-musl/7.3.0\libgcc.a(floatunsidf.o)
                0x000000000301023a                __floatunsidf
 .text          0x00000000030102a0       0xde c:/program files/hispark-studio/tools/windows/cc_riscv32_musl_fp_win/bin/../lib/gcc/riscv32-linux-musl/7.3.0\libgcc.a(extendsfdf2.o)
                0x00000000030102a0                __extendsfdf2
 .text          0x000000000301037e      0x222 c:/program files/hispark-studio/tools/windows/cc_riscv32_musl_fp_win/bin/../lib/gcc/riscv32-linux-musl/7.3.0\libgcc.a(truncdfsf2.o)
                0x000000000301037e                __truncdfsf2
 .text          0x00000000030105a0       0x3c c:/program files/hispark-studio/tools/windows/cc_riscv32_musl_fp_win/bin/../lib/gcc/riscv32-linux-musl/7.3.0\libgcc.a(_clzsi2.o)
                0x00000000030105a0                __clzsi2
 .text.fabsf    0x00000000030105dc       0x14 c:/program files/hispark-studio/tools/windows/cc_riscv32_musl_fp_win/bin/../sysroot/usr/lib\libc.a(fabsf.o)
                0x00000000030105dc                fabsf
 .text.round    0x00000000030105f0      0x108 c:/program files/hispark-studio/tools/windows/cc_riscv32_musl_fp_win/bin/../sysroot/usr/lib\libc.a(round.o)
                0x00000000030105f0                round
 .text.__subdf3.trans.42
                0x00000000030106f8        0x4 _kmpl_trans
                0x00000000030106f8                __subdf3.trans.42
 .text.__adddf3.trans.32
                0x00000000030106fc        0x4 _kmpl_trans
                0x00000000030106fc                __adddf3.trans.32
 .text.abs      0x0000000003010700        0xa c:/program files/hispark-studio/tools/windows/cc_riscv32_musl_fp_win/bin/../sysroot/usr/lib\libc.a(abs.o)
                0x0000000003010700                abs
 .text.memcpy   0x000000000301070a      0x362 c:/program files/hispark-studio/tools/windows/cc_riscv32_musl_fp_win/bin/../sysroot/usr/lib\libc.a(memcpy.o)
                0x000000000301070a                memcpy
 *(.ram.text*)
                0x0000000003010a6c                . = ALIGN (0x4)
 *fill*         0x0000000003010a6c        0x0 
                0x0000000003010a6c                __rodata_start = .
 *(.rodata*)
 .rodata        0x0000000003010a6c        0x4 obj/chip/3061m/chipinit/anatrim/anatrim.o
 .rodata.g_crgIpMatch
                0x0000000003010a70      0x228 obj/chip/3061m/ip_crg/ip_crg_common.o
 .rodata        0x0000000003010c98       0x35 obj/drivers/adc/src/adc.o
 *fill*         0x0000000003010ccd        0x3 
 .rodata        0x0000000003010cd0       0x4c obj/drivers/apt/src/apt.o
 .rodata        0x0000000003010d1c       0x20 obj/drivers/base/src/interrupt.o
 .rodata.SetLocalIntNumPri
                0x0000000003010d3c       0x20 obj/drivers/base/src/interrupt.o
 .rodata.IRQ_SetLocalPriority
                0x0000000003010d5c       0x20 obj/drivers/base/src/interrupt.o
 .rodata        0x0000000003010d7c       0x1d obj/drivers/can/src/can.o
 *fill*         0x0000000003010d99        0x3 
 .rodata        0x0000000003010d9c       0x58 obj/drivers/crg/src/crg.o
 .rodata.HAL_CRG_GetIpFreq
                0x0000000003010df4       0x1c obj/drivers/crg/src/crg.o
 .rodata.ParseSpecifier
                0x0000000003010e10       0x84 obj/drivers/debug/src/debug.o
 .rodata        0x0000000003010e94       0x3b obj/drivers/gpio/src/gpio.o
 *fill*         0x0000000003010ecf        0x1 
 .rodata        0x0000000003010ed0       0x19 obj/drivers/gpt/src/gpt.o
 *fill*         0x0000000003010ee9        0x3 
 .rodata        0x0000000003010eec       0x19 obj/drivers/i2c/src/i2c.o
 *fill*         0x0000000003010f05        0x3 
 .rodata        0x0000000003010f08       0x3d obj/drivers/iocmg/src/iocmg.o
 *fill*         0x0000000003010f45        0x3 
 .rodata        0x0000000003010f48       0x35 obj/drivers/qdm/src/qdm.o
 *fill*         0x0000000003010f7d        0x3 
 .rodata.SelectInterruptCallback
                0x0000000003010f80       0x28 obj/drivers/qdm/src/qdm.o
 .rodata        0x0000000003010fa8       0x3d obj/drivers/timer/src/timer.o
 *fill*         0x0000000003010fe5        0x3 
 .rodata.UART_SetParityBit
                0x0000000003010fe8       0x14 obj/drivers/uart/src/uart.o
 .rodata        0x0000000003010ffc       0x1b obj/drivers/uart/src/uart.o
 *fill*         0x0000000003011017        0x1 
 .rodata.HAL_UART_RegisterCallBack
                0x0000000003011018       0x24 obj/drivers/uart/src/uart.o
 .rodata        0x000000000301103c       0x42 obj/user/can_interfaces.o
 *fill*         0x000000000301107e        0x2 
 .rodata        0x0000000003011080       0x70 obj/user/encoder.o
 .rodata        0x00000000030110f0      0x2e8 obj/user/eulercar_control.o
 .rodata        0x00000000030113d8      0x282 obj/user/main.o
 *fill*         0x000000000301165a        0x6 
 .rodata        0x0000000003011660        0x8 obj/user/pid.o
 .rodata        0x0000000003011668       0x3c c:/program files/hispark-studio/tools/windows/cc_riscv32_musl_fp_win/bin/../lib/gcc/riscv32-linux-musl/7.3.0\libgcc.a(divdf3.o)
 .rodata        0x00000000030116a4       0x3c c:/program files/hispark-studio/tools/windows/cc_riscv32_musl_fp_win/bin/../lib/gcc/riscv32-linux-musl/7.3.0\libgcc.a(muldf3.o)
 .rodata        0x00000000030116e0      0x100 c:/program files/hispark-studio/tools/windows/cc_riscv32_musl_fp_win/bin/../lib/gcc/riscv32-linux-musl/7.3.0\libgcc.a(_clz.o)
                0x00000000030116e0                __clz_tab
 .rodata.round.cst8
                0x00000000030117e0       0x20 c:/program files/hispark-studio/tools/windows/cc_riscv32_musl_fp_win/bin/../sysroot/usr/lib\libc.a(round.o)
                0x0000000003011800                . = ALIGN (0x4)
                0x0000000003011800                __rodata_end = .
 *(.got*)
 .got           0x0000000003011800        0x8 obj/chip/3061m/startup.o
                0x0000000003011800                _GLOBAL_OFFSET_TABLE_
 .got.plt       0x0000000003011808        0x8 obj/chip/3061m/startup.o
                0x0000000003011810                __text_end = .

.data           0x0000000004000000      0x184 load address 0x0000000003011810
                0x0000000003011810                __data_load = LOADADDR (.data)
                0x0000000004000000                __data_start = .
 *(.data*)
 .data.g_tsensorGain
                0x0000000004000000        0x4 obj/chip/3061m/chipinit/anatrim/anatrim.o
                0x0000000004000000                g_tsensorGain
 .data.g_stdRecvMap
                0x0000000004000004        0x4 obj/drivers/can/src/can.o
 .data.g_extRecvMap
                0x0000000004000008        0x4 obj/drivers/can/src/can.o
 .data.g_allSendMap
                0x000000000400000c        0x4 obj/drivers/can/src/can.o
 .data.g_allRecvMap
                0x0000000004000010        0x4 obj/drivers/can/src/can.o
 .data.g_ipClkProc
                0x0000000004000014       0xfc obj/drivers/crg/src/crg.o
 .data.RxInterruptflag
                0x0000000004000110        0x1 obj/user/debug_uart.o
 .data.TxInterruptFlag
                0x0000000004000111        0x1 obj/user/debug_uart.o
 .data.g_RxInterruptflag
                0x0000000004000112        0x1 obj/user/eulercar_control.o
 .data.g_TxInterruptFlag
                0x0000000004000113        0x1 obj/user/eulercar_control.o
 .data.g_motorTypeStr
                0x0000000004000114       0x50 obj/user/main.o
                0x0000000004000114                g_motorTypeStr
 .data.g_motorMaxSpeed
                0x0000000004000164        0x4 obj/user/main.o
                0x0000000004000164                g_motorMaxSpeed
 .data.g_curMotorType
                0x0000000004000168        0x4 obj/user/main.o
                0x0000000004000168                g_curMotorType
 .data.g_motorLineNum
                0x000000000400016c        0x4 obj/user/main.o
                0x000000000400016c                g_motorLineNum
 .data.is_servo_done
                0x0000000004000170        0x1 obj/user/main.o
                0x0000000004000170                is_servo_done
 *fill*         0x0000000004000171        0x3 
 .data.g_KP     0x0000000004000174        0x4 obj/user/pid.o
                0x0000000004000174                g_KP
 .data.g_KI     0x0000000004000178        0x4 obj/user/pid.o
                0x0000000004000178                g_KI
 .data.g_KP_Step
                0x000000000400017c        0x4 obj/user/pid.o
                0x000000000400017c                g_KP_Step
 .data.g_KI_Step
                0x0000000004000180        0x4 obj/user/pid.o
                0x0000000004000180                g_KI_Step
                0x0000000004000184                . = ALIGN (0x4)
                0x0000000004000184                __data_end = .
                0x0000000000000184                __data_size = (__data_end - __data_start)

.bss            0x0000000004000184      0xc7c load address 0x0000000003011994
                0x0000000004000184                __bss_begin__ = .
 *(.bss*)
 .bss.g_RiscvPrivMode
                0x0000000004000184        0x4 obj/drivers/base/src/interrupt.o
                0x0000000004000184                g_RiscvPrivMode
 .bss.g_irqCallbackFunc
                0x0000000004000188      0x398 obj/drivers/base/src/interrupt.o
                0x0000000004000188                g_irqCallbackFunc
 .bss.g_msgObj  0x0000000004000520       0x80 obj/drivers/can/src/can.o
 .bss.g_crgBaseAddr
                0x00000000040005a0        0x4 obj/drivers/crg/src/crg.o
 .bss.g_anaEnableFlag
                0x00000000040005a4        0x1 obj/drivers/crg/src/crg.o
 *fill*         0x00000000040005a5        0x3 
 .bss.lastPoslockValue.3568
                0x00000000040005a8        0x4 obj/drivers/qdm/src/qdm.o
 .bss.g_button1State
                0x00000000040005ac        0x4 obj/user/button.o
                0x00000000040005ac                g_button1State
 .bss.g_button2State
                0x00000000040005b0        0x4 obj/user/button.o
                0x00000000040005b0                g_button2State
 .bss.g_button1_count
                0x00000000040005b4        0x4 obj/user/button.o
                0x00000000040005b4                g_button1_count
 .bss.g_button2_count
                0x00000000040005b8        0x4 obj/user/button.o
                0x00000000040005b8                g_button2_count
 .bss.g_sendFrame
                0x00000000040005bc       0x14 obj/user/can_demo.o
                0x00000000040005bc                g_sendFrame
 .bss.g_receiveFrame
                0x00000000040005d0       0x14 obj/user/can_demo.o
                0x00000000040005d0                g_receiveFrame
 .bss.flag      0x00000000040005e4        0x1 obj/user/debug_uart.o
                0x00000000040005e4                flag
 *fill*         0x00000000040005e5        0x3 
 .bss.pidRightMotor
                0x00000000040005e8       0x1c obj/user/encoder.o
                0x00000000040005e8                pidRightMotor
 .bss.pidLeftMotor
                0x0000000004000604       0x1c obj/user/encoder.o
                0x0000000004000604                pidLeftMotor
 .bss.aveRightMotor
                0x0000000004000620       0x1c obj/user/encoder.o
                0x0000000004000620                aveRightMotor
 .bss.aveLeftMotor
                0x000000000400063c       0x1c obj/user/encoder.o
                0x000000000400063c                aveLeftMotor
 .bss.g_maxEncodePidDeltaValue
                0x0000000004000658        0x4 obj/user/encoder.o
                0x0000000004000658                g_maxEncodePidDeltaValue
 .bss.g_maxEncodeAveDeltaValue
                0x000000000400065c        0x4 obj/user/encoder.o
                0x000000000400065c                g_maxEncodeAveDeltaValue
 .bss.g_MotorState
                0x0000000004000660        0x1 obj/user/eulercar_control.o
                0x0000000004000660                g_MotorState
 *fill*         0x0000000004000661        0x3 
 .bss.g_SendData
                0x0000000004000664       0x30 obj/user/eulercar_control.o
                0x0000000004000664                g_SendData
 .bss.g_ReceiveData
                0x0000000004000694       0x20 obj/user/eulercar_control.o
                0x0000000004000694                g_ReceiveData
 .bss.g_ReceiveDataCount
                0x00000000040006b4        0x1 obj/user/eulercar_control.o
 *fill*         0x00000000040006b5        0x3 
 .bss.g_TimerInterruptCount
                0x00000000040006b8        0x4 obj/user/eulercar_control.o
                0x00000000040006b8                g_TimerInterruptCount
 .bss.g_SendCount
                0x00000000040006bc        0x4 obj/user/eulercar_control.o
 .bss.g_RecvCount
                0x00000000040006c0        0x4 obj/user/eulercar_control.o
 .bss.Move_X    0x00000000040006c4        0x4 obj/user/eulercar_control.o
                0x00000000040006c4                Move_X
 .bss.Move_Y    0x00000000040006c8        0x4 obj/user/eulercar_control.o
                0x00000000040006c8                Move_Y
 .bss.Move_Z    0x00000000040006cc        0x4 obj/user/eulercar_control.o
                0x00000000040006cc                Move_Z
 .bss.modelCalLeftSpeed
                0x00000000040006d0        0x4 obj/user/eulercar_control.o
                0x00000000040006d0                modelCalLeftSpeed
 .bss.modelCalRightSpeed
                0x00000000040006d4        0x4 obj/user/eulercar_control.o
                0x00000000040006d4                modelCalRightSpeed
 .bss.g_can     0x00000000040006d8       0x3c obj/user/main.o
                0x00000000040006d8                g_can
 .bss.g_qdm0    0x0000000004000714       0x8c obj/user/main.o
                0x0000000004000714                g_qdm0
 .bss.g_qdm1    0x00000000040007a0       0x8c obj/user/main.o
                0x00000000040007a0                g_qdm1
 .bss.g_gpt0    0x000000000400082c       0x34 obj/user/main.o
                0x000000000400082c                g_gpt0
 .bss.g_gpt1    0x0000000004000860       0x34 obj/user/main.o
                0x0000000004000860                g_gpt1
 .bss.g_gpt2    0x0000000004000894       0x34 obj/user/main.o
                0x0000000004000894                g_gpt2
 .bss.g_gpt3    0x00000000040008c8       0x34 obj/user/main.o
                0x00000000040008c8                g_gpt3
 .bss.g_timer0  0x00000000040008fc       0x28 obj/user/main.o
                0x00000000040008fc                g_timer0
 .bss.g_uart0   0x0000000004000924       0x80 obj/user/main.o
                0x0000000004000924                g_uart0
 .bss.g_uart2   0x00000000040009a4       0x80 obj/user/main.o
                0x00000000040009a4                g_uart2
 .bss.g_uart3   0x0000000004000a24       0x80 obj/user/main.o
                0x0000000004000a24                g_uart3
 .bss.g_i2c0    0x0000000004000aa4       0x68 obj/user/main.o
                0x0000000004000aa4                g_i2c0
 .bss.g_i2c1    0x0000000004000b0c       0x68 obj/user/main.o
                0x0000000004000b0c                g_i2c1
 .bss.g_apt0    0x0000000004000b74       0x60 obj/user/main.o
                0x0000000004000b74                g_apt0
 .bss.g_apt1    0x0000000004000bd4       0x60 obj/user/main.o
                0x0000000004000bd4                g_apt1
 .bss.g_adc0    0x0000000004000c34       0xa0 obj/user/main.o
                0x0000000004000c34                g_adc0
 .bss.g_gpio1   0x0000000004000cd4       0x48 obj/user/main.o
                0x0000000004000cd4                g_gpio1
 .bss.g_gpio2   0x0000000004000d1c       0x48 obj/user/main.o
                0x0000000004000d1c                g_gpio2
 .bss.g_gpio5   0x0000000004000d64       0x48 obj/user/main.o
                0x0000000004000d64                g_gpio5
 .bss.isRecv    0x0000000004000dac        0x1 obj/user/main.o
                0x0000000004000dac                isRecv
 .bss.isWrite   0x0000000004000dad        0x1 obj/user/main.o
                0x0000000004000dad                isWrite
 *fill*         0x0000000004000dae        0x2 
 .bss.ServoMsg  0x0000000004000db0        0x4 obj/user/main.o
                0x0000000004000db0                ServoMsg
 .bss.BackMsg   0x0000000004000db4        0x1 obj/user/main.o
                0x0000000004000db4                BackMsg
 *fill*         0x0000000004000db5        0x3 
 .bss.g_pid_count
                0x0000000004000db8        0x4 obj/user/pid.o
                0x0000000004000db8                g_pid_count
 .bss.g_pidEulerCarRight
                0x0000000004000dbc       0x20 obj/user/pid.o
                0x0000000004000dbc                g_pidEulerCarRight
 .bss.g_pidEulerCarLeft
                0x0000000004000ddc       0x20 obj/user/pid.o
                0x0000000004000ddc                g_pidEulerCarLeft
 .bss.g_KD      0x0000000004000dfc        0x4 obj/user/pid.o
                0x0000000004000dfc                g_KD
 *(COMMON)
                0x0000000004000e00                . = ALIGN (0x4)
                0x0000000004000e00                __bss_end__ = .
                0x0000000000000c7c                __bss_size__ = (__bss_end__ - __bss_begin__)
                0x0000000004000700                __global_pointer$ = (__data_start + ((__data_size + __bss_size__) / 0x2))
OUTPUT(./bin/target.elf elf32-littleriscv)

.riscv.attributes
                0x0000000000000000       0x36
 .riscv.attributes
                0x0000000000000000       0x31 obj/chip/3061m/startup.o
 .riscv.attributes
                0x0000000000000031       0x32 obj/chip/3061m/chipinit/chipinit.o
 .riscv.attributes
                0x0000000000000063       0x32 obj/chip/3061m/chipinit/anatrim/anatrim.o
 .riscv.attributes
                0x0000000000000095       0x32 obj/chip/3061m/chipinit/anavrefinit/anavrefinit.o
 .riscv.attributes
                0x00000000000000c7       0x32 obj/chip/3061m/chipinit/crginit/crginit.o
 .riscv.attributes
                0x00000000000000f9       0x32 obj/chip/3061m/chipinit/flashinit/flashinit.o
 .riscv.attributes
                0x000000000000012b       0x32 obj/chip/3061m/chipinit/systickinit/systickinit.o
 .riscv.attributes
                0x000000000000015d       0x32 obj/chip/3061m/fotp/fotp_info_read.o
 .riscv.attributes
                0x000000000000018f       0x32 obj/chip/3061m/ip_crg/ip_crg_common.o
 .riscv.attributes
                0x00000000000001c1       0x32 obj/drivers/adc/src/adc.o
 .riscv.attributes
                0x00000000000001f3       0x32 obj/drivers/apt/src/apt.o
 .riscv.attributes
                0x0000000000000225       0x32 obj/drivers/base/src/assert.o
 .riscv.attributes
                0x0000000000000257       0x32 obj/drivers/base/src/clock.o
 .riscv.attributes
                0x0000000000000289       0x36 obj/drivers/base/src/interrupt.o
 .riscv.attributes
                0x00000000000002bf       0x32 obj/drivers/can/src/can.o
 .riscv.attributes
                0x00000000000002f1       0x32 obj/drivers/crg/src/crg.o
 .riscv.attributes
                0x0000000000000323       0x32 obj/drivers/debug/src/debug.o
 .riscv.attributes
                0x0000000000000355       0x32 obj/drivers/gpio/src/gpio.o
 .riscv.attributes
                0x0000000000000387       0x32 obj/drivers/gpt/src/gpt.o
 .riscv.attributes
                0x00000000000003b9       0x32 obj/drivers/i2c/src/i2c.o
 .riscv.attributes
                0x00000000000003eb       0x32 obj/drivers/iocmg/src/iocmg.o
 .riscv.attributes
                0x000000000000041d       0x32 obj/drivers/qdm/src/qdm.o
 .riscv.attributes
                0x000000000000044f       0x32 obj/drivers/timer/src/timer.o
 .riscv.attributes
                0x0000000000000481       0x32 obj/drivers/uart/src/uart.o
 .riscv.attributes
                0x00000000000004b3       0x32 obj/user/button.o
 .riscv.attributes
                0x00000000000004e5       0x32 obj/user/can_demo.o
 .riscv.attributes
                0x0000000000000517       0x32 obj/user/can_interfaces.o
 .riscv.attributes
                0x0000000000000549       0x32 obj/user/debug_uart.o
 .riscv.attributes
                0x000000000000057b       0x32 obj/user/encoder.o
 .riscv.attributes
                0x00000000000005ad       0x32 obj/user/eulercar_control.o
 .riscv.attributes
                0x00000000000005df       0x32 obj/user/main.o
 .riscv.attributes
                0x0000000000000611       0x32 obj/user/pid.o
 .riscv.attributes
                0x0000000000000643       0x32 obj/user/pwm.o
 .riscv.attributes
                0x0000000000000675       0x32 obj/user/user_motor_control.o
 .riscv.attributes
                0x00000000000006a7       0x32 obj/user/generatecode/system_init.o
 .riscv.attributes
                0x00000000000006d9       0x36 c:/program files/hispark-studio/tools/windows/cc_riscv32_musl_fp_win/bin/../lib/gcc/riscv32-linux-musl/7.3.0\libgcc.a(adddf3.o)
 .riscv.attributes
                0x000000000000070f       0x36 c:/program files/hispark-studio/tools/windows/cc_riscv32_musl_fp_win/bin/../lib/gcc/riscv32-linux-musl/7.3.0\libgcc.a(divdf3.o)
 .riscv.attributes
                0x0000000000000745       0x36 c:/program files/hispark-studio/tools/windows/cc_riscv32_musl_fp_win/bin/../lib/gcc/riscv32-linux-musl/7.3.0\libgcc.a(gedf2.o)
 .riscv.attributes
                0x000000000000077b       0x36 c:/program files/hispark-studio/tools/windows/cc_riscv32_musl_fp_win/bin/../lib/gcc/riscv32-linux-musl/7.3.0\libgcc.a(ledf2.o)
 .riscv.attributes
                0x00000000000007b1       0x36 c:/program files/hispark-studio/tools/windows/cc_riscv32_musl_fp_win/bin/../lib/gcc/riscv32-linux-musl/7.3.0\libgcc.a(muldf3.o)
 .riscv.attributes
                0x00000000000007e7       0x36 c:/program files/hispark-studio/tools/windows/cc_riscv32_musl_fp_win/bin/../lib/gcc/riscv32-linux-musl/7.3.0\libgcc.a(subdf3.o)
 .riscv.attributes
                0x000000000000081d       0x36 c:/program files/hispark-studio/tools/windows/cc_riscv32_musl_fp_win/bin/../lib/gcc/riscv32-linux-musl/7.3.0\libgcc.a(fixdfsi.o)
 .riscv.attributes
                0x0000000000000853       0x32 c:/program files/hispark-studio/tools/windows/cc_riscv32_musl_fp_win/bin/../lib/gcc/riscv32-linux-musl/7.3.0\libgcc.a(floatunsidf.o)
 .riscv.attributes
                0x0000000000000885       0x36 c:/program files/hispark-studio/tools/windows/cc_riscv32_musl_fp_win/bin/../lib/gcc/riscv32-linux-musl/7.3.0\libgcc.a(extendsfdf2.o)
 .riscv.attributes
                0x00000000000008bb       0x36 c:/program files/hispark-studio/tools/windows/cc_riscv32_musl_fp_win/bin/../lib/gcc/riscv32-linux-musl/7.3.0\libgcc.a(truncdfsf2.o)
 .riscv.attributes
                0x00000000000008f1       0x32 c:/program files/hispark-studio/tools/windows/cc_riscv32_musl_fp_win/bin/../lib/gcc/riscv32-linux-musl/7.3.0\libgcc.a(_clz.o)
 .riscv.attributes
                0x0000000000000923       0x32 c:/program files/hispark-studio/tools/windows/cc_riscv32_musl_fp_win/bin/../lib/gcc/riscv32-linux-musl/7.3.0\libgcc.a(_clzsi2.o)
 .riscv.attributes
                0x0000000000000955       0x32 c:/program files/hispark-studio/tools/windows/cc_riscv32_musl_fp_win/bin/../sysroot/usr/lib\libc.a(fabsf.o)
 .riscv.attributes
                0x0000000000000987       0x32 c:/program files/hispark-studio/tools/windows/cc_riscv32_musl_fp_win/bin/../sysroot/usr/lib\libc.a(round.o)
 .riscv.attributes
                0x00000000000009b9       0x32 c:/program files/hispark-studio/tools/windows/cc_riscv32_musl_fp_win/bin/../sysroot/usr/lib\libc.a(abs.o)
 .riscv.attributes
                0x00000000000009eb       0x32 c:/program files/hispark-studio/tools/windows/cc_riscv32_musl_fp_win/bin/../sysroot/usr/lib\libc.a(memcpy.o)

.comment        0x0000000000000000       0x52
 .comment       0x0000000000000000       0x29 obj/chip/3061m/chipinit/chipinit.o
                                         0x2a (size before relaxing)
 .comment       0x0000000000000029       0x2a obj/chip/3061m/chipinit/anatrim/anatrim.o
 .comment       0x0000000000000029       0x2a obj/chip/3061m/chipinit/anavrefinit/anavrefinit.o
 .comment       0x0000000000000029       0x2a obj/chip/3061m/chipinit/crginit/crginit.o
 .comment       0x0000000000000029       0x2a obj/chip/3061m/chipinit/flashinit/flashinit.o
 .comment       0x0000000000000029       0x2a obj/chip/3061m/chipinit/systickinit/systickinit.o
 .comment       0x0000000000000029       0x2a obj/chip/3061m/fotp/fotp_info_read.o
 .comment       0x0000000000000029       0x2a obj/chip/3061m/ip_crg/ip_crg_common.o
 .comment       0x0000000000000029       0x2a obj/drivers/adc/src/adc.o
 .comment       0x0000000000000029       0x2a obj/drivers/apt/src/apt.o
 .comment       0x0000000000000029       0x2a obj/drivers/base/src/assert.o
 .comment       0x0000000000000029       0x2a obj/drivers/base/src/clock.o
 .comment       0x0000000000000029       0x2a obj/drivers/base/src/interrupt.o
 .comment       0x0000000000000029       0x2a obj/drivers/can/src/can.o
 .comment       0x0000000000000029       0x2a obj/drivers/crg/src/crg.o
 .comment       0x0000000000000029       0x2a obj/drivers/debug/src/debug.o
 .comment       0x0000000000000029       0x2a obj/drivers/gpio/src/gpio.o
 .comment       0x0000000000000029       0x2a obj/drivers/gpt/src/gpt.o
 .comment       0x0000000000000029       0x2a obj/drivers/i2c/src/i2c.o
 .comment       0x0000000000000029       0x2a obj/drivers/iocmg/src/iocmg.o
 .comment       0x0000000000000029       0x2a obj/drivers/qdm/src/qdm.o
 .comment       0x0000000000000029       0x2a obj/drivers/timer/src/timer.o
 .comment       0x0000000000000029       0x2a obj/drivers/uart/src/uart.o
 .comment       0x0000000000000029       0x2a obj/user/button.o
 .comment       0x0000000000000029       0x2a obj/user/can_demo.o
 .comment       0x0000000000000029       0x2a obj/user/can_interfaces.o
 .comment       0x0000000000000029       0x2a obj/user/debug_uart.o
 .comment       0x0000000000000029       0x2a obj/user/encoder.o
 .comment       0x0000000000000029       0x29 obj/user/eulercar_control.o
                                         0x2a (size before relaxing)
 .comment       0x0000000000000052       0x2a obj/user/main.o
 .comment       0x0000000000000052       0x2a obj/user/pid.o
 .comment       0x0000000000000052       0x2a obj/user/pwm.o
 .comment       0x0000000000000052       0x2a obj/user/user_motor_control.o
 .comment       0x0000000000000052       0x2a obj/user/generatecode/system_init.o
 .comment       0x0000000000000052       0x2a c:/program files/hispark-studio/tools/windows/cc_riscv32_musl_fp_win/bin/../lib/gcc/riscv32-linux-musl/7.3.0\libgcc.a(adddf3.o)
 .comment       0x0000000000000052       0x2a c:/program files/hispark-studio/tools/windows/cc_riscv32_musl_fp_win/bin/../lib/gcc/riscv32-linux-musl/7.3.0\libgcc.a(divdf3.o)
 .comment       0x0000000000000052       0x2a c:/program files/hispark-studio/tools/windows/cc_riscv32_musl_fp_win/bin/../lib/gcc/riscv32-linux-musl/7.3.0\libgcc.a(gedf2.o)
 .comment       0x0000000000000052       0x2a c:/program files/hispark-studio/tools/windows/cc_riscv32_musl_fp_win/bin/../lib/gcc/riscv32-linux-musl/7.3.0\libgcc.a(ledf2.o)
 .comment       0x0000000000000052       0x2a c:/program files/hispark-studio/tools/windows/cc_riscv32_musl_fp_win/bin/../lib/gcc/riscv32-linux-musl/7.3.0\libgcc.a(muldf3.o)
 .comment       0x0000000000000052       0x2a c:/program files/hispark-studio/tools/windows/cc_riscv32_musl_fp_win/bin/../lib/gcc/riscv32-linux-musl/7.3.0\libgcc.a(subdf3.o)
 .comment       0x0000000000000052       0x2a c:/program files/hispark-studio/tools/windows/cc_riscv32_musl_fp_win/bin/../lib/gcc/riscv32-linux-musl/7.3.0\libgcc.a(fixdfsi.o)
 .comment       0x0000000000000052       0x2a c:/program files/hispark-studio/tools/windows/cc_riscv32_musl_fp_win/bin/../lib/gcc/riscv32-linux-musl/7.3.0\libgcc.a(floatunsidf.o)
 .comment       0x0000000000000052       0x2a c:/program files/hispark-studio/tools/windows/cc_riscv32_musl_fp_win/bin/../lib/gcc/riscv32-linux-musl/7.3.0\libgcc.a(extendsfdf2.o)
 .comment       0x0000000000000052       0x2a c:/program files/hispark-studio/tools/windows/cc_riscv32_musl_fp_win/bin/../lib/gcc/riscv32-linux-musl/7.3.0\libgcc.a(truncdfsf2.o)
 .comment       0x0000000000000052       0x2a c:/program files/hispark-studio/tools/windows/cc_riscv32_musl_fp_win/bin/../lib/gcc/riscv32-linux-musl/7.3.0\libgcc.a(_clz.o)
 .comment       0x0000000000000052       0x2a c:/program files/hispark-studio/tools/windows/cc_riscv32_musl_fp_win/bin/../lib/gcc/riscv32-linux-musl/7.3.0\libgcc.a(_clzsi2.o)
 .comment       0x0000000000000052       0x2a c:/program files/hispark-studio/tools/windows/cc_riscv32_musl_fp_win/bin/../sysroot/usr/lib\libc.a(fabsf.o)
 .comment       0x0000000000000052       0x2a c:/program files/hispark-studio/tools/windows/cc_riscv32_musl_fp_win/bin/../sysroot/usr/lib\libc.a(round.o)
 .comment       0x0000000000000052       0x2a c:/program files/hispark-studio/tools/windows/cc_riscv32_musl_fp_win/bin/../sysroot/usr/lib\libc.a(abs.o)
 .comment       0x0000000000000052       0x2a c:/program files/hispark-studio/tools/windows/cc_riscv32_musl_fp_win/bin/../sysroot/usr/lib\libc.a(memcpy.o)

.note.GNU-stack
                0x0000000000000000        0x0
 .note.GNU-stack
                0x0000000000000000        0x0 c:/program files/hispark-studio/tools/windows/cc_riscv32_musl_fp_win/bin/../sysroot/usr/lib\libc.a(fabsf.o)
 .note.GNU-stack
                0x0000000000000000        0x0 c:/program files/hispark-studio/tools/windows/cc_riscv32_musl_fp_win/bin/../sysroot/usr/lib\libc.a(round.o)
 .note.GNU-stack
                0x0000000000000000        0x0 c:/program files/hispark-studio/tools/windows/cc_riscv32_musl_fp_win/bin/../sysroot/usr/lib\libc.a(abs.o)
 .note.GNU-stack
                0x0000000000000000        0x0 c:/program files/hispark-studio/tools/windows/cc_riscv32_musl_fp_win/bin/../sysroot/usr/lib\libc.a(memcpy.o)

.debug_line     0x0000000000000000    0x17fd5
 .debug_line    0x0000000000000000      0x926 obj/chip/3061m/startup.o
 .debug_line    0x0000000000000926      0x15b obj/chip/3061m/chipinit/chipinit.o
 .debug_line    0x0000000000000a81      0x2d7 obj/chip/3061m/chipinit/anatrim/anatrim.o
 .debug_line    0x0000000000000d58       0xc5 obj/chip/3061m/chipinit/anavrefinit/anavrefinit.o
 .debug_line    0x0000000000000e1d      0x166 obj/chip/3061m/chipinit/crginit/crginit.o
 .debug_line    0x0000000000000f83      0x192 obj/chip/3061m/chipinit/flashinit/flashinit.o